// Jest Snapshot v1, https://goo.gl/fbAQLP

exports[`Homepage Hero should match snapshot 1`] = `
<div>
  <div
    class="undefined undefined"
  >
    <div />
    <main>
      <div
        class="container"
        data-component="container"
      >
        <div
          class="hero hero--dark hero"
          data-component="hero"
        >
          <div
            class="hero__container"
          >
            <div
              class="hero__body"
            >
              <h1
                class="hero__title"
              >
                Holding out for a homepage hero
              </h1>
              <p
                class="hero__intro"
              >
                'til the end of the night
              </p>
              <div
                class="hero__actions"
              >
                <a
                  class="btn btn--cta"
                  data-component="button--cta"
                  href="https://www.youtube.com/watch?v=bWcASV2sey0&pp=ygUjYm9ubmllIHR5bGVyIGhvbGRpbmcgb3V0IGZvciBhIGhlcm8%3D"
                >
                  Click this thing
                </a>
              </div>
            </div>
          </div>
          <div
            class="hero__image-container"
            style="background-image: url(http://local-host-test-nice-org.com/f/243782/420x234/7a576133e7/register-for-board-meeting.PNG/m/867x0/filters:format%28jpeg%29:quality%2880%29/m/);"
          />
        </div>
      </div>
    </main>
    <noscript />
  </div>
</div>
`;

exports[`Homepage Should render error content when error is passed as a prop 1`] = `
<DocumentFragment>
  <div
    class="undefined undefined"
  >
    <div />
    <main>
      <div
        class="container"
        data-component="container"
      >
        <nav
          aria-label="Breadcrumbs"
          data-component="breadcrumbs"
          role="navigation"
        >
          <ol
            class="breadcrumbs"
          >
            <li
              class="breadcrumbs__crumb"
            >
              <a
                href="/"
              >
                Home
              </a>
            </li>
            <li
              class="breadcrumbs__crumb"
            >
              <span>
                Error
              </span>
            </li>
          </ol>
        </nav>
        <script
          type="application/ld+json"
        >
          {
  "@context": "http://schema.org",
  "@type": "BreadcrumbList",
  "itemListElement": [
    {
      "@type": "ListItem",
      "position": 1,
      "item": {
        "@id": "/",
        "name": "Home"
      }
    },
    {
      "@type": "ListItem",
      "position": 2,
      "item": {
        "name": "Error"
      }
    }
  ]
}
        </script>
        <div
          class="page-header  page-header--vertical-padding-loose"
          data-component="page-header"
          id="content-start"
        >
          <h1
            class="page-header__heading "
          >
            An error returned from getserversideprops
          </h1>
          <p
            class="page-header__lead"
          >
            We'll look into it right away. Please try again in a few minutes. And if it's still not fixed, 
            <a
              href="/get-involved/contact-us"
            >
              contact us
            </a>
            .
          </p>
        </div>
        <h2>
          What can I doÂ now?
        </h2>
        <div
          class="grid grid--loose"
        >
          <div
            data-component="grid-item"
            data-g="12 sm:6 md:4"
          >
            <ul
              class="mt--0"
            >
              <li>
                Check that the web address has been typed correctly
              </li>
              <li>
                Look for it using search
              </li>
              <li>
                Browse for it from the 
                <a
                  href="/"
                >
                  homepage
                </a>
              </li>
            </ul>
            <p>
              And if you still can't find what you're looking for, 
              <a
                href="/get-involved/contact-us"
              >
                get in touch
              </a>
              .
            </p>
          </div>
          <div
            data-component="grid-item"
            data-g="12 sm:6 md:8"
          >
            <p
              class="mt--0"
            >
              Here's where you can go from here:
            </p>
            <ul>
              <li>
                Explore 
                <a
                  href="/guidance"
                >
                  NICE guidance, quality standards and advice
                </a>
                . You can do this by 
                <a
                  href="/guidance/conditions-and-diseases"
                >
                  category to find a topic
                </a>
                , or choose a 
                <a
                  href="/guidance/published"
                >
                  list organised by date or title
                </a>
                .
              </li>
              <li>
                <a
                  href="/about"
                >
                  Visit our about pages
                </a>
                 to find information about our services, 
                <a
                  href="/about/who-we-are"
                >
                  who we are
                </a>
                 and 
                <a
                  href="/about/what-we-do"
                >
                  what we do
                </a>
              </li>
            </ul>
            <p>
              If this is not the first time you have seen this message and believe that there is a serious problem 
              <a
                href="/get-involved/contact-us"
              >
                please contact us directly
              </a>
            </p>
          </div>
        </div>
      </div>
    </main>
    <noscript />
  </div>
</DocumentFragment>
`;

exports[`Homepage should match snapshot for main content 1`] = `
<div>
  <div
    class="undefined undefined"
  >
    <div />
    <main>
      <div
        class="container"
        data-component="container"
      >
        <div
          class="hero hero--dark hero"
          data-component="hero"
        >
          <div
            class="hero__container"
          >
            <div
              class="hero__body"
            >
              <h1
                class="hero__title"
              >
                Holding out for a homepage hero
              </h1>
              <p
                class="hero__intro"
              >
                'til the end of the night
              </p>
              <div
                class="hero__actions"
              >
                <a
                  class="btn btn--cta"
                  data-component="button--cta"
                  href="https://www.youtube.com/watch?v=bWcASV2sey0&pp=ygUjYm9ubmllIHR5bGVyIGhvbGRpbmcgb3V0IGZvciBhIGhlcm8%3D"
                >
                  Click this thing
                </a>
              </div>
            </div>
          </div>
          <div
            class="hero__image-container"
            style="background-image: url(http://local-host-test-nice-org.com/f/243782/420x234/7a576133e7/register-for-board-meeting.PNG/m/867x0/filters:format%28jpeg%29:quality%2880%29/m/);"
          />
        </div>
        <section
          class="latestNews"
          data-tracking="latest-news"
        >
          <h2
            class="title"
          >
            Latest from NICE
          </h2>
          <ol
            class="newsGrid"
          >
            <li
              class="newsItem"
            >
              <article
                class="newsCard "
              >
                <a
                  aria-hidden="true"
                  class="imageContainer"
                  href="/i/am/a-very-full-slug"
                  style="background-image: url(http://local-host-test-nice-org.com/f/243782/420x234/7a576133e7/register-for-board-meeting.PNG/m/867x0/filters:format%28jpeg%29:quality%2880%29/m/868x0/filters:quality%2880%29);"
                  tabindex="-1"
                >
                   
                </a>
                <div>
                  <h3
                    class="heading"
                  >
                    <a
                      href="/i/am/a-very-full-slug"
                    >
                      Test news article title
                    </a>
                  </h3>
                  <p>
                    Test intro text
                  </p>
                  <footer>
                    <div>
                      <span
                        class="tag tag--outline"
                        data-component="tag"
                      >
                        News
                      </span>
                      <time
                        class="date"
                        datetime="2024-01-31T15:16:15.19"
                      >
                        31 January 2024
                      </time>
                    </div>
                  </footer>
                </div>
              </article>
            </li>
            <li
              class="newsItem"
            >
              <article
                class="newsCard "
              >
                <a
                  aria-hidden="true"
                  class="imageContainer"
                  href="/i/am/a-very-full-slug"
                  style="background-image: url(http://local-host-test-nice-org.com/f/243782/420x234/7a576133e7/register-for-board-meeting.PNG/m/867x0/filters:format%28jpeg%29:quality%2880%29/m/868x0/filters:quality%2880%29);"
                  tabindex="-1"
                >
                   
                </a>
                <div>
                  <h3
                    class="heading"
                  >
                    <a
                      href="/i/am/a-very-full-slug"
                    >
                      Test blog post title
                    </a>
                  </h3>
                  <p
                    class="blogIntroText"
                  >
                    Let's play Blockbusters!
                  </p>
                  <footer>
                    <div
                      class="author"
                    >
                      Bob Holness
                      , 
                      Blockbusters host
                    </div>
                    <div>
                      <span
                        class="tag tag--outline"
                        data-component="tag"
                      >
                        Blogs
                      </span>
                      <time
                        class="date"
                        datetime="2024-02-20"
                      >
                        20 February 2024
                      </time>
                    </div>
                  </footer>
                </div>
              </article>
            </li>
            <li
              class="newsItem"
            >
              <article
                class="newsCard "
              >
                <a
                  aria-hidden="true"
                  class="imageContainer"
                  href="/i/am/a-very-full-slug"
                  style="background-image: url(http://local-host-test-nice-org.com/f/243782/420x234/7a576133e7/register-for-board-meeting.PNG/m/867x0/filters:format%28jpeg%29:quality%2880%29/m/868x0/filters:quality%2880%29);"
                  tabindex="-1"
                >
                   
                </a>
                <div>
                  <h3
                    class="heading"
                  >
                    <a
                      href="/i/am/a-very-full-slug"
                    >
                      Test news article title
                    </a>
                  </h3>
                  <p>
                    Test intro text
                  </p>
                  <footer>
                    <div>
                      <span
                        class="tag tag--outline"
                        data-component="tag"
                      >
                        News
                      </span>
                      <time
                        class="date"
                        datetime="2024-01-31T15:16:15.19"
                      >
                        31 January 2024
                      </time>
                    </div>
                  </footer>
                </div>
              </article>
            </li>
          </ol>
          <p>
            <a
              href="/news"
            >
              View all news, blogs and podcasts
            </a>
          </p>
        </section>
        <div
          class="links"
          data-tracking="homepage-links"
        >
          <div
            class="linksContainer"
          >
            <div
              class="storyblokRichTextWrapper "
              data-testid="storyblok-rich-text"
            >
              <h2
                class="sbRichtextHeading2"
              >
                A mock h2 heading in a rich text field
              </h2>
              <h3
                class="sbRichtextHeading3"
              >
                A mock h3 heading
              </h3>
              <h4
                class="sbRichtextHeading4"
              >
                A mock h4 heading
              </h4>
              <h5
                class="sbRichtextHeading5"
              >
                A mock h5 heading
              </h5>
              <h6
                class="sbRichtextHeading6"
              >
                A mock h6 heading
              </h6>
              <p>
                Example text content.
              </p>
              <picture>
                <source
                  srcset="http://local-host-test-nice-org.com/f/243782/420x234/7a576133e7/register-for-board-meeting.PNG/m/867x0/filters:format%28jpeg%29:quality%2880%29/m/420x0/filters:format%28avif%29:quality%2880%29"
                  type="image/avif"
                />
                <source
                  srcset="http://local-host-test-nice-org.com/f/243782/420x234/7a576133e7/register-for-board-meeting.PNG/m/867x0/filters:format%28jpeg%29:quality%2880%29/m/420x0/filters:format%28webp%29:quality%2880%29"
                  type="image/webp"
                />
                <img
                  alt="Kitten wearing mittens"
                  data-nimg="1"
                  decoding="async"
                  height="0"
                  loading="lazy"
                  src="/_next/image?url=http%3A%2F%2Flocal-host-test-nice-org.com%2Ff%2F243782%2F420x234%2F7a576133e7%2Fregister-for-board-meeting.PNG%2Fm%2F867x0%2Ffilters%3Aformat%2528jpeg%2529%3Aquality%252880%2529%2Fm%2F420x0%2Ffilters%3Aformat%2528jpeg%2529%3Aquality%252880%2529&w=1080&q=75"
                  srcset="/_next/image?url=http%3A%2F%2Flocal-host-test-nice-org.com%2Ff%2F243782%2F420x234%2F7a576133e7%2Fregister-for-board-meeting.PNG%2Fm%2F867x0%2Ffilters%3Aformat%2528jpeg%2529%3Aquality%252880%2529%2Fm%2F420x0%2Ffilters%3Aformat%2528jpeg%2529%3Aquality%252880%2529&w=640&q=75 1x, /_next/image?url=http%3A%2F%2Flocal-host-test-nice-org.com%2Ff%2F243782%2F420x234%2F7a576133e7%2Fregister-for-board-meeting.PNG%2Fm%2F867x0%2Ffilters%3Aformat%2528jpeg%2529%3Aquality%252880%2529%2Fm%2F420x0%2Ffilters%3Aformat%2528jpeg%2529%3Aquality%252880%2529&w=1080&q=75 2x"
                  style="color: transparent;"
                  width="420"
                />
              </picture>
              <figure
                class="quote"
              >
                <blockquote>
                  <p>
                    A inline quote in the rich text field of a news article. 
                  </p>
                </blockquote>
              </figure>
            </div>
          </div>
        </div>
      </div>
    </main>
    <noscript />
  </div>
</div>
`;
