// Jest Snapshot v1, https://goo.gl/fbAQLP

exports[`/indevelopment/[slug].page IndevelopmentPage should match snapshot for main content 1`] = `
<body>
  <div>
    <nav
      aria-label="Breadcrumbs"
      role="navigation"
    >
      <ol
        class="breadcrumbs"
      >
        <li
          class="breadcrumbs__crumb"
        >
          <a
            href="/"
          >
            Home
          </a>
        </li>
        <li
          class="breadcrumbs__crumb"
        >
          <a
            href="/standards-and-indicators"
          >
            Standards and Indicators
          </a>
        </li>
        <li
          class="breadcrumbs__crumb"
        >
          <a
            href="/standards-and-indicators/indicators"
          >
            Indicators
          </a>
        </li>
        <li
          class="breadcrumbs__crumb"
        >
          <a
            href="/standards-and-indicators/indicators/indevelopment"
          >
            In development
          </a>
        </li>
        <li
          class="breadcrumbs__crumb"
        >
          <span>
            GID-NG10237
          </span>
        </li>
      </ol>
    </nav>
    <script
      type="application/ld+json"
    >
      {
  "@context": "http://schema.org",
  "@type": "BreadcrumbList",
  "itemListElement": [
    {
      "@type": "ListItem",
      "position": 1,
      "item": {
        "@id": "/",
        "name": "Home"
      }
    },
    {
      "@type": "ListItem",
      "position": 2,
      "item": {
        "@id": "/standards-and-indicators",
        "name": "Standards and Indicators"
      }
    },
    {
      "@type": "ListItem",
      "position": 3,
      "item": {
        "@id": "/standards-and-indicators/indicators",
        "name": "Indicators"
      }
    },
    {
      "@type": "ListItem",
      "position": 4,
      "item": {
        "@id": "/standards-and-indicators/indicators/indevelopment",
        "name": "In development"
      }
    },
    {
      "@type": "ListItem",
      "position": 5,
      "item": {
        "name": "GID-NG10237"
      }
    }
  ]
}
    </script>
    <div
      class="page-header"
      id="content-start"
    >
      <h1
        class="page-header__heading page-header__heading--alt"
      >
        Adrenal insufficiency: acute and long-term management
      </h1>
      <ul
        class="page-header__metadata"
      >
        <li>
          In development GID-NG10237
        </li>
        <li>
          <span>
            Expected publication date
          </span>
           
          <time
            datetime="11 April 2024"
          >
            11 April 2024
          </time>
        </li>
        <li>
          <a
            href="https://alpha.nice.org.uk/get-involved/stakeholder-registration/register"
          >
            Register as a stakeholder
          </a>
        </li>
      </ul>
    </div>
    <button>
      Read the consultation documents
    </button>
    <p>
      Status: 
      InProgress
    </p>
    <p>
      Decision: 
      Selected
       
    </p>
    <p>
      Developed as: 
      CG
    </p>
    <h3>
      Provisional Schedule
    </h3>
    <dl
      aria-label="Provisional schedule"
    >
      <dt>
        Expected publication
      </dt>
      <dd>
        11 April 2024
      </dd>
    </dl>
    <h3>
      Project Team
    </h3>
    <dl
      aria-label="Project team"
    >
      <dt>
        Developer
      </dt>
      <dd>
        National Guideline Centre
      </dd>
    </dl>
    <h3>
      Email enquiries
    </h3>
    <span>
      If you have any queries please email
    </span>
    <ul>
      <li>
        <a
          href="mailto:hypoadrenalism@nice.org.uk"
        >
          hypoadrenalism@nice.org.uk
        </a>
      </li>
    </ul>
    <h3>
      Timeline
    </h3>
    <p>
      Key events during the development of the guidance:
    </p>
    <table
      class="table table-condensed"
    >
      <tbody>
        <tr>
          <th>
            Date
          </th>
          <th>
            Update
          </th>
        </tr>
        <tr>
          <td>
            13 September 2022
          </td>
          <td>
            Stakeholder list updated
          </td>
        </tr>
        <tr>
          <td>
            07 July 2022
          </td>
          <td>
            Committee list updated
          </td>
        </tr>
        <tr>
          <td>
            25 May 2022
          </td>
          <td>
            Committee meeting
          </td>
        </tr>
        <tr>
          <td>
            14 April 2022
          </td>
          <td>
            Scope published
          </td>
        </tr>
        <tr>
          <td>
            01 February 2022 - 01 March 2022
          </td>
          <td>
            Draft scope consultation
          </td>
        </tr>
        <tr>
          <td>
            01 February 2022 - 01 March 2022
          </td>
          <td>
            Committee member recruitment
          </td>
        </tr>
        <tr>
          <td>
            01 February 2022
          </td>
          <td>
            Guideline title changed from Hypoadrenalism: acute and long-term management to Adrenal insufficiency: acute and long-term management.
          </td>
        </tr>
        <tr>
          <td>
            05 January 2022
          </td>
          <td>
            Scoping workshop
          </td>
        </tr>
        <tr>
          <td>
            18 October 2021 - 25 October 2021
          </td>
          <td>
            Topic expert committee member recruitment
          </td>
        </tr>
      </tbody>
    </table>
    <p>
      For further information on the guideline development process, please read
       
      <a
        href="https://www.nice.org.uk/about/what-we-do/our-programmes/nice-guidance/nice-guidelines/how-we-develop-nice-guidelines"
      >
        how we develop NICE guidelines
      </a>
    </p>
  </div>
</body>
`;

exports[`/indevelopment/[slug].page IndevelopmentPage should render legacy stakeholder items 1`] = `
Array [
  <ul
    aria-label="Legacy stakeholders"
  >
    <li>
      &lt;p&gt;
                    	
                    		
                        	
                        		&lt;p&gt;NICE is developing guidance on this technology. If you would like to become a registered stakeholder in the development of guidance on this technology, please complete a &lt;a href="http://www.nice.org.uk/media/default/about/what-we-do/nice-guidance/nice-medical-technologies/mtep-notification-form.docx" nice-original-href="http://www4.nice.org.uk/Media/Default/About/what-we-do/NICE-guidance/NICE-medical-technologies/MTEP-notification-form.docx"&gt;stakeholder registration and confidentiality form&lt;/a&gt; (Word), and return to us at &lt;a href="mailto:medtech@nice.org.uk"&gt;medtech@nice.org.uk&lt;/a&gt;.&lt;/p&gt;
&lt;p&gt;Registered stakeholders will be informed of key stages in the development of guidance including when documents go out to consultation or comment.&lt;/p&gt;

                        	
                        	
                        
                    &lt;/p&gt;
    </li>
  </ul>,
]
`;

exports[`/indevelopment/[slug].page getServerSideProps should return a correct props when supplied with a valid slug 1`] = `
Object {
  "props": Object {
    "description": null,
    "developedAs": "CG",
    "evidenceAssessmentGroup": null,
    "fullUpdates": Array [],
    "idNumber": null,
    "indevCommentators": Array [],
    "indevConsultees": Array [],
    "indevEmailEnquiries": Array [
      Object {
        "eTag": null,
        "item": "hypoadrenalism@nice.org.uk",
        "links": Object {
          "self": Array [
            Object {},
          ],
        },
      },
    ],
    "indevLegacyStakeholders": Array [],
    "indevProcessHomepage": Object {
      "description": "For further information on the guideline development process, please read",
      "eTag": null,
      "linkText": "how we develop NICE guidelines",
      "links": Object {
        "self": Array [
          Object {
            "href": "https://www.nice.org.uk/about/what-we-do/our-programmes/nice-guidance/nice-guidelines/how-we-develop-nice-guidelines",
          },
          Object {},
        ],
      },
    },
    "indevProjectRelatedLinks": Array [],
    "indevProjectTeamMembers": Array [
      Object {
        "column1": "Developer",
        "column2": "National Guideline Centre",
        "eTag": null,
        "links": Object {
          "self": Array [
            Object {},
          ],
        },
      },
    ],
    "indevScheduleItems": Array [
      Object {
        "additionalInfo": null,
        "additionalInfoLabel": null,
        "column1": "Expected publication",
        "column2": "11 April 2024",
        "eTag": null,
        "hidden": false,
        "links": Object {
          "self": Array [
            Object {},
          ],
        },
      },
    ],
    "indevStakeholderRegistration": Array [
      Object {
        "href": "https://alpha.nice.org.uk/get-involved/stakeholder-registration/register",
      },
    ],
    "indevTimelineItems": Array [
      Object {
        "additionalInfo": null,
        "additionalInfoLabel": null,
        "column1": "13 September 2022",
        "column2": "Stakeholder list updated",
        "eTag": null,
        "hidden": false,
        "links": Object {
          "self": Array [
            Object {},
          ],
        },
      },
      Object {
        "additionalInfo": null,
        "additionalInfoLabel": null,
        "column1": "07 July 2022",
        "column2": "Committee list updated",
        "eTag": null,
        "hidden": false,
        "links": Object {
          "self": Array [
            Object {},
          ],
        },
      },
      Object {
        "additionalInfo": null,
        "additionalInfoLabel": "Meeting number",
        "column1": "25 May 2022",
        "column2": "Committee meeting",
        "eTag": null,
        "hidden": false,
        "links": Object {
          "self": Array [
            Object {},
          ],
        },
      },
      Object {
        "additionalInfo": null,
        "additionalInfoLabel": null,
        "column1": "14 April 2022",
        "column2": "Scope published",
        "eTag": null,
        "hidden": false,
        "links": Object {
          "self": Array [
            Object {},
          ],
        },
      },
      Object {
        "additionalInfo": null,
        "additionalInfoLabel": null,
        "column1": "01 February 2022 - 01 March 2022",
        "column2": "Draft scope consultation",
        "eTag": null,
        "hidden": false,
        "links": Object {
          "self": Array [
            Object {},
          ],
        },
      },
      Object {
        "additionalInfo": null,
        "additionalInfoLabel": null,
        "column1": "01 February 2022 - 01 March 2022",
        "column2": "Committee member recruitment",
        "eTag": null,
        "hidden": false,
        "links": Object {
          "self": Array [
            Object {},
          ],
        },
      },
      Object {
        "additionalInfo": null,
        "additionalInfoLabel": null,
        "column1": "01 February 2022",
        "column2": "Guideline title changed from Hypoadrenalism: acute and long-term management to Adrenal insufficiency: acute and long-term management.",
        "eTag": null,
        "hidden": false,
        "links": Object {
          "self": Array [
            Object {},
          ],
        },
      },
      Object {
        "additionalInfo": null,
        "additionalInfoLabel": "Location of meeting",
        "column1": "05 January 2022",
        "column2": "Scoping workshop",
        "eTag": null,
        "hidden": false,
        "links": Object {
          "self": Array [
            Object {},
          ],
        },
      },
      Object {
        "additionalInfo": null,
        "additionalInfoLabel": null,
        "column1": "18 October 2021 - 25 October 2021",
        "column2": "Topic expert committee member recruitment",
        "eTag": null,
        "hidden": false,
        "links": Object {
          "self": Array [
            Object {},
          ],
        },
      },
    ],
    "indevTopicItems": Array [],
    "partialUpdates": Array [],
    "process": "CG",
    "projectType": "NG",
    "reference": "GID-NG10237",
    "referralDate": null,
    "status": "InProgress",
    "summary": null,
    "suspendDiscontinuedReason": null,
    "suspendDiscontinuedUrl": null,
    "suspendDiscontinuedUrlText": null,
    "technologyType": null,
    "title": "Adrenal insufficiency: acute and long-term management",
    "topicSelectionDecision": "Selected",
    "topicSelectionFurtherInfo": null,
    "topicSelectionReasonText": null,
  },
}
`;
