// Jest Snapshot v1, https://goo.gl/fbAQLP

exports[`/indicators/[slug].page IndicatorDetailPage should match snapshot for main content 1`] = `
<body>
  <div>
    <nav
      aria-label="Breadcrumbs"
      data-component="breadcrumbs"
      role="navigation"
    >
      <ol
        class="breadcrumbs"
      >
        <li
          class="breadcrumbs__crumb"
        >
          <a
            href="/"
          >
            Home
          </a>
        </li>
        <li
          class="breadcrumbs__crumb"
        >
          <a
            href="/standards-and-indicators/indicators"
          >
            Indicators
          </a>
        </li>
        <li
          class="breadcrumbs__crumb"
        >
          <span>
            NG100
          </span>
        </li>
      </ol>
    </nav>
    <script
      type="application/ld+json"
    >
      {
  "@context": "http://schema.org",
  "@type": "BreadcrumbList",
  "itemListElement": [
    {
      "@type": "ListItem",
      "position": 1,
      "item": {
        "@id": "/",
        "name": "Home"
      }
    },
    {
      "@type": "ListItem",
      "position": 2,
      "item": {
        "@id": "/standards-and-indicators/indicators",
        "name": "Indicators"
      }
    },
    {
      "@type": "ListItem",
      "position": 3,
      "item": {
        "name": "NG100"
      }
    }
  ]
}
    </script>
    <div
      class="page-header"
      data-component="page-header"
      id="content-start"
    >
      <h1
        class="page-header__heading page-header__heading--alt"
      >
        Rheumatoid arthritis in adults: management
      </h1>
      <ul
        class="page-header__metadata"
      >
        <li>
          NICE guideline
        </li>
        <li>
          NG100
        </li>
        <li>
          Published:
          <time
            datetime="2018-07-11"
          >
             
            11 July 2018
          </time>
        </li>
        <li>
          Last updated:
          <time
            datetime="2020-10-12"
          >
             
             
            12 October 2020
          </time>
        </li>
      </ul>
    </div>
    <nav
      class="horizontal-nav"
    >
      <ul
        class="horizontal-nav__list"
      >
        <li
          class="horizontal-nav__item"
          data-component="horizontal-nav"
        >
          <a
            aria-current="true"
            class="horizontal-nav__link"
            href="/guidance/ng100"
          >
            Indicator
          </a>
        </li>
        <li
          class="horizontal-nav__item"
          data-component="horizontal-nav"
        >
          <a
            aria-current="false"
            class="horizontal-nav__link"
            href="/guidance/ng100/resources"
          >
            Tools and resources
          </a>
        </li>
        <li
          class="horizontal-nav__item"
          data-component="horizontal-nav"
        >
          <a
            aria-current="false"
            class="horizontal-nav__link"
            href="/guidance/ng100/evidence"
          >
            Evidence
          </a>
        </li>
        <li
          class="horizontal-nav__item"
          data-component="horizontal-nav"
        >
          <a
            aria-current="false"
            class="horizontal-nav__link"
            href="/guidance/ng100/history"
          >
            History
          </a>
        </li>
      </ul>
    </nav>
    <div
      class="grid grid--loose"
    >
      <section
        aria-label="Chapters"
        data-component="grid-item"
        data-g="12 md:4 lg:3"
      >
        <a
          aria-label="Download indicator PDF file"
          class="btn btn--cta download"
          data-component="button--cta"
          href="/guidance/ng100/NG100-20220530.pdf"
          target="_blank"
        >
          Download indicator
           (PDF)
        </a>
        <nav
          aria-label="Chapter pages"
          class="stacked-nav"
          data-component="stacked-nav"
        >
          <ul
            class="stacked-nav__list"
          >
            <li
              class="stacked-nav__list-item"
            >
              <a
                aria-current="true"
                href="/guidance/ng100"
              >
                <span
                  class="stacked-nav__content-wrapper"
                >
                  <span>
                    Overview
                  </span>
                </span>
              </a>
            </li>
            <li
              class="stacked-nav__list-item"
            >
              <a
                aria-current="false"
                href="/guidance/ng100/chapter/recommendations"
              >
                <span
                  class="stacked-nav__content-wrapper"
                >
                  <span>
                    Recommendations
                  </span>
                </span>
              </a>
            </li>
            <li
              class="stacked-nav__list-item"
            >
              <a
                aria-current="false"
                href="/guidance/ng100/chapter/recommendations-for-research"
              >
                <span
                  class="stacked-nav__content-wrapper"
                >
                  <span>
                    Recommendations for research
                  </span>
                </span>
              </a>
            </li>
            <li
              class="stacked-nav__list-item"
            >
              <a
                aria-current="false"
                href="/guidance/ng100/chapter/rationale-and-impact"
              >
                <span
                  class="stacked-nav__content-wrapper"
                >
                  <span>
                    Rationale and impact
                  </span>
                </span>
              </a>
            </li>
            <li
              class="stacked-nav__list-item"
            >
              <a
                aria-current="false"
                href="/guidance/ng100/chapter/context"
              >
                <span
                  class="stacked-nav__content-wrapper"
                >
                  <span>
                    Context
                  </span>
                </span>
              </a>
            </li>
            <li
              class="stacked-nav__list-item"
            >
              <a
                aria-current="false"
                href="/guidance/ng100/chapter/finding-more-information-and-committee-details"
              >
                <span
                  class="stacked-nav__content-wrapper"
                >
                  <span>
                    Finding more information and committee details
                  </span>
                </span>
              </a>
            </li>
            <li
              class="stacked-nav__list-item"
            >
              <a
                aria-current="false"
                href="/guidance/ng100/chapter/update-information"
              >
                <span
                  class="stacked-nav__content-wrapper"
                >
                  <span>
                    Update information
                  </span>
                </span>
              </a>
            </li>
          </ul>
        </nav>
      </section>
      <section
        data-component="grid-item"
        data-g="12 md:8 lg:9"
      >
        <div
          class="summary"
        >
          <p
            class="lead"
          >
            This guideline covers diagnosing and managing rheumatoid arthritis. It aims to improve quality of life by ensuring that people with rheumatoid arthritis have the right treatment to slow the progression of their condition and control their symptoms. People should also have rapid access to specialist care if their condition suddenly worsens.
          </p>
          

          <p>
            NICE has also produced technology appraisal guidance on drug treatment for rheumatoid arthritis.
          </p>
          

          <p>
            In 
            <strong>
              October 2020
            </strong>
            , we amended the ‘treat to target’ recommendations to clarify that multiple disease-modifying anti-rheumatic drugs can be offered one after the other to achieve treatment targets.
          </p>
          

          <h2>
            Recommendations
          </h2>
          

          <p>
            This guideline includes new and updated recommendations on:
          </p>
          

          <ul>
            

            <li>
              <a
                href="https://www.nice.org.uk/guidance/ng100/chapter/Recommendations#investigations-following-diagnosis"
              >
                investigations following diagnosis
              </a>
            </li>
            

            <li>
              <a
                href="https://www.nice.org.uk/guidance/ng100/chapter/Recommendations#treat-to-target-strategy"
              >
                treat-to-target strategy
              </a>
               and 
              <a
                href="http://www.nice.org.uk/guidance/ng100/chapter/Recommendations#initial-pharmacological-management"
              >
                initial pharmacological management
              </a>
            </li>
            

            <li>
              <a
                href="https://www.nice.org.uk/guidance/ng100/chapter/Recommendations#symptom-control"
              >
                symptom control
              </a>
               and 
              <a
                href="http://www.nice.org.uk/guidance/ng100/chapter/Recommendations#monitoring"
              >
                monitoring
              </a>
            </li>
            

          </ul>
          

          <p>
            It also includes recommendations on:
          </p>
          

          <ul>
            

            <li>
              <a
                href="http://www.nice.org.uk/guidance/ng100/chapter/Recommendations#investigations"
              >
                investigations for diagnosis
              </a>
               and 
              <a
                href="http://www.nice.org.uk/guidance/ng100/chapter/Recommendations#referral-from-primary-care"
              >
                referral from primary care
              </a>
            </li>
            

            <li>
              <a
                href="http://www.nice.org.uk/guidance/ng100/chapter/Recommendations#non-pharmacological-management"
              >
                non-pharmacological management
              </a>
               and 
              <a
                href="http://www.nice.org.uk/guidance/ng100/chapter/Recommendations#the-multidisciplinary-team"
              >
                the multidisciplinary team
              </a>
            </li>
            

            <li>
              <a
                href="http://www.nice.org.uk/guidance/ng100/chapter/Recommendations#communication-and-education"
              >
                communication and education
              </a>
            </li>
            

            <li>
              <a
                href="http://www.nice.org.uk/guidance/ng100/chapter/Recommendations#timing-and-referral-for-surgery"
              >
                timing and referral for surgery
              </a>
            </li>
            

          </ul>
          

          <h2>
            Who is it for?
          </h2>
          

          <ul>
            

            <li>
              Healthcare professionals
            </li>
            

            <li>
              Commissioners and providers
            </li>
            

            <li>
              People with rheumatoid arthritis and their families and carers
            </li>
            

          </ul>
          

          <h2>
            Guideline development process
          </h2>
          

          <p>
            <a
              href="https://www.nice.org.uk/about/what-we-do/our-programmes/nice-guidance/nice-guidelines/how-we-develop-nice-guidelines"
            >
              How we develop NICE guidelines
            </a>
          </p>
          

          <p>
            This guideline updates and replaces NICE guideline CG79 (February 2009).
          </p>
        </div>
        <div
          class="prev-next"
        >
          <nav
            aria-label="Previous and next pages"
          >
            <a
              class="prev-next__link"
              href="/guidance/ng100/chapter/recommendations"
            >
              <span
                class="prev-next__link-intro"
              >
                Next page
              </span>
              <span
                class="prev-next__link-text"
              >
                Recommendations
              </span>
            </a>
          </nav>
        </div>
      </section>
    </div>
  </div>
</body>
`;

exports[`/indicators/[slug].page getServerSideProps should return a correct props when supplied with a valid slug 1`] = `
Object {
  "redirect": Object {
    "destination": "/guidance/ng100",
    "permanent": true,
  },
}
`;
