// Jest Snapshot v1, https://goo.gl/fbAQLP

exports[`/guidance/awaiting-development should match the snapshot 1`] = `
<div>
  <div />
  <main
    id="content-start"
  >
    <div
      class="container"
    >
      <nav
        aria-label="Breadcrumbs"
        role="navigation"
      >
        <ol
          class="breadcrumbs"
        >
          <li
            class="breadcrumbs__crumb"
          >
            <a
              href="/"
            >
              Home
            </a>
          </li>
          <li
            class="breadcrumbs__crumb"
          >
            <a
              href="/guidance"
            >
              NICE guidance
            </a>
          </li>
          <li
            class="breadcrumbs__crumb"
          >
            <span>
              Awaiting development
            </span>
          </li>
        </ol>
      </nav>
      <script
        type="application/ld+json"
      >
        {
  "@context": "http://schema.org",
  "@type": "BreadcrumbList",
  "itemListElement": [
    {
      "@type": "ListItem",
      "position": 1,
      "item": {
        "@id": "/",
        "name": "Home"
      }
    },
    {
      "@type": "ListItem",
      "position": 2,
      "item": {
        "@id": "/guidance",
        "name": "NICE guidance"
      }
    },
    {
      "@type": "ListItem",
      "position": 3,
      "item": {
        "name": "Awaiting development"
      }
    }
  ]
}
      </script>
      <div
        class="page-header"
      >
        <h1
          class="page-header__heading"
        >
          <span
            class="page-header__pre-heading"
          >
            Guidance and quality standards 
          </span>
          Awaiting development
        </h1>
        <p
          class="page-header__lead"
        >
          <a
            class="skipLink"
            href="#filters"
          >
            Skip to filters
          </a>
          <a
            class="skipLink"
            href="#results"
          >
            Skip to results
          </a>
        </p>
      </div>
      <nav
        aria-label="Stages of guidance development"
        class="horizontal-nav"
      >
        <ul
          class="horizontal-nav__list"
        >
          <li
            class="horizontal-nav__item"
          >
            <a
              aria-current="false"
              class="horizontal-nav__link"
              href="/guidance/published"
            >
              Published
            </a>
          </li>
          <li
            class="horizontal-nav__item"
          >
            <a
              aria-current="false"
              class="horizontal-nav__link"
              href="/guidance/inconsultation"
            >
              In consultation
            </a>
          </li>
          <li
            class="horizontal-nav__item"
          >
            <a
              aria-current="false"
              class="horizontal-nav__link"
              href="/guidance/indevelopment"
            >
              In development
            </a>
          </li>
          <li
            class="horizontal-nav__item"
          >
            <a
              aria-current="false"
              class="horizontal-nav__link"
              href="/guidance/awaiting-development"
            >
              Awaiting development
            </a>
          </li>
        </ul>
      </nav>
      <div
        class="grid grid--loose sectionWrapper"
      >
        <section
          aria-label="Filter results"
          class="panelWrapper"
          data-g="12 md:4 lg:3"
        >
          <form
            aria-label="Filter results"
            id="filters"
          >
            <div
              class="filter-panel"
            >
              <h2
                class="filter-panel__heading"
              >
                <button
                  aria-controls="filter-panel-body"
                  aria-expanded="true"
                  type="button"
                >
                  <svg
                    aria-hidden="true"
                    class="filter-panel__heading-icon filter-panel__heading-icon--expanded"
                    fill="none"
                    focusable="false"
                    height="1em"
                    viewBox="0 0 512 512"
                    width="1em"
                    xmlns="http://www.w3.org/2000/svg"
                  >
                    <path
                      d="M478.152 174c0 10.091-3.525 18.661-10.576 25.712l-186 186c-7.243 7.243-15.909 10.864-26 10.864-10.283 0-18.853-3.621-25.712-10.864l-186-186C36.621 192.853 33 184.283 33 174c0-10.091 3.621-18.757 10.864-26L65 126.576C72.424 119.525 81.09 116 91 116c10.091 0 18.661 3.525 25.712 10.576L255.576 265.44 394.44 126.576c7.051-7.051 15.621-10.576 25.712-10.576 9.909 0 18.576 3.525 26 10.576L467.576 148c7.051 7.424 10.576 16.091 10.576 26z"
                      fill="currentColor"
                    />
                  </svg>
                  Filter
                </button>
              </h2>
              <div
                aria-hidden="false"
                class="filter-panel__body"
                id="filter-panel-body"
              >
                <a
                  class="skipLink"
                  href="#results"
                >
                  Skip to results
                </a>
                <input
                  name="ps"
                  type="hidden"
                  value=""
                />
                <input
                  name="s"
                  type="hidden"
                  value=""
                />
                <div
                  class="container"
                >
                  <label
                    class="label"
                    for="q"
                  >
                    Filter by title or keyword
                  </label>
                  <div
                    class="input"
                  >
                    <input
                      autocomplete="off"
                      class="input__input"
                      id="q"
                      name="q"
                      placeholder="E.g. 'diabetes' or 'NG28'"
                      type="text"
                      value=""
                    />
                  </div>
                  <button
                    class="btn button"
                    type="submit"
                  >
                    Filter
                  </button>
                </div>
                <div
                  class="filter-group"
                >
                  <h3
                    class="filter-group__heading"
                  >
                    <button
                      aria-controls="group-nai"
                      aria-expanded="true"
                      type="button"
                    >
                      <svg
                        aria-hidden="true"
                        class="filter-group__heading-icon filter-group__heading-icon--expanded"
                        fill="none"
                        focusable="false"
                        height="1em"
                        viewBox="0 0 512 512"
                        width="1em"
                        xmlns="http://www.w3.org/2000/svg"
                      >
                        <path
                          d="M478.152 174c0 10.091-3.525 18.661-10.576 25.712l-186 186c-7.243 7.243-15.909 10.864-26 10.864-10.283 0-18.853-3.621-25.712-10.864l-186-186C36.621 192.853 33 184.283 33 174c0-10.091 3.621-18.757 10.864-26L65 126.576C72.424 119.525 81.09 116 91 116c10.091 0 18.661 3.525 25.712 10.576L255.576 265.44 394.44 126.576c7.051-7.051 15.621-10.576 25.712-10.576 9.909 0 18.576 3.525 26 10.576L467.576 148c7.051 7.424 10.576 16.091 10.576 26z"
                          fill="currentColor"
                        />
                      </svg>
                      <span
                        id="group-heading-nai"
                      >
                        Area of interest
                         
                      </span>
                    </button>
                  </h3>
                  <fieldset
                    aria-hidden="false"
                    class="filter-group__options"
                    id="group-nai"
                  >
                    <legend>
                      Area of interest
                    </legend>
                    <label
                      class="filter-option"
                      for="filter_nai_covid-19"
                    >
                      <input
                        id="filter_nai_covid-19"
                        name="nai"
                        title="Area of interest - COVID-19 (1)"
                        type="checkbox"
                        value="COVID-19"
                      />
                      <span
                        class="filter-option__text"
                      >
                        COVID-19 (1)
                      </span>
                    </label>
                  </fieldset>
                </div>
                <div
                  class="filter-group"
                >
                  <h3
                    class="filter-group__heading"
                  >
                    <button
                      aria-controls="group-ndt"
                      aria-expanded="true"
                      type="button"
                    >
                      <svg
                        aria-hidden="true"
                        class="filter-group__heading-icon filter-group__heading-icon--expanded"
                        fill="none"
                        focusable="false"
                        height="1em"
                        viewBox="0 0 512 512"
                        width="1em"
                        xmlns="http://www.w3.org/2000/svg"
                      >
                        <path
                          d="M478.152 174c0 10.091-3.525 18.661-10.576 25.712l-186 186c-7.243 7.243-15.909 10.864-26 10.864-10.283 0-18.853-3.621-25.712-10.864l-186-186C36.621 192.853 33 184.283 33 174c0-10.091 3.621-18.757 10.864-26L65 126.576C72.424 119.525 81.09 116 91 116c10.091 0 18.661 3.525 25.712 10.576L255.576 265.44 394.44 126.576c7.051-7.051 15.621-10.576 25.712-10.576 9.909 0 18.576 3.525 26 10.576L467.576 148c7.051 7.424 10.576 16.091 10.576 26z"
                          fill="currentColor"
                        />
                      </svg>
                      <span
                        id="group-heading-ndt"
                      >
                        Type
                         
                      </span>
                    </button>
                  </h3>
                  <fieldset
                    aria-hidden="false"
                    class="filter-group__options"
                    id="group-ndt"
                  >
                    <legend>
                      Type
                    </legend>
                    <label
                      class="filter-option"
                      for="filter_ndt_guidance"
                    >
                      <input
                        id="filter_ndt_guidance"
                        name="ndt"
                        title="Type - Guidance (178)"
                        type="checkbox"
                        value="Guidance"
                      />
                      <span
                        class="filter-option__text"
                      >
                        Guidance (178)
                      </span>
                    </label>
                    <label
                      class="filter-option"
                      for="filter_ndt_quality-standard"
                    >
                      <input
                        id="filter_ndt_quality-standard"
                        name="ndt"
                        title="Type - Quality standard (31)"
                        type="checkbox"
                        value="Quality standard"
                      />
                      <span
                        class="filter-option__text"
                      >
                        Quality standard (31)
                      </span>
                    </label>
                  </fieldset>
                </div>
                <div
                  class="filter-group"
                >
                  <h3
                    class="filter-group__heading"
                  >
                    <button
                      aria-controls="group-ngt"
                      aria-expanded="false"
                      type="button"
                    >
                      <svg
                        aria-hidden="true"
                        class="filter-group__heading-icon"
                        fill="none"
                        focusable="false"
                        height="1em"
                        viewBox="0 0 512 512"
                        width="1em"
                        xmlns="http://www.w3.org/2000/svg"
                      >
                        <path
                          d="M478.152 174c0 10.091-3.525 18.661-10.576 25.712l-186 186c-7.243 7.243-15.909 10.864-26 10.864-10.283 0-18.853-3.621-25.712-10.864l-186-186C36.621 192.853 33 184.283 33 174c0-10.091 3.621-18.757 10.864-26L65 126.576C72.424 119.525 81.09 116 91 116c10.091 0 18.661 3.525 25.712 10.576L255.576 265.44 394.44 126.576c7.051-7.051 15.621-10.576 25.712-10.576 9.909 0 18.576 3.525 26 10.576L467.576 148c7.051 7.424 10.576 16.091 10.576 26z"
                          fill="currentColor"
                        />
                      </svg>
                      <span
                        id="group-heading-ngt"
                      >
                        Guidance programme
                         
                      </span>
                    </button>
                  </h3>
                  <fieldset
                    aria-hidden="true"
                    class="filter-group__options"
                    id="group-ngt"
                  >
                    <legend>
                      Guidance programme
                    </legend>
                    <label
                      class="filter-option"
                      for="filter_ngt_highly-specialised-technologies-guidance"
                    >
                      <input
                        id="filter_ngt_highly-specialised-technologies-guidance"
                        name="ngt"
                        title="Guidance programme - Highly specialised technologies guidance (10)"
                        type="checkbox"
                        value="Highly specialised technologies guidance"
                      />
                      <span
                        class="filter-option__text"
                      >
                        Highly specialised technologies guidance (10)
                      </span>
                    </label>
                    <label
                      class="filter-option"
                      for="filter_ngt_technology-appraisal-guidance"
                    >
                      <input
                        id="filter_ngt_technology-appraisal-guidance"
                        name="ngt"
                        title="Guidance programme - Technology appraisal guidance (168)"
                        type="checkbox"
                        value="Technology appraisal guidance"
                      />
                      <span
                        class="filter-option__text"
                      >
                        Technology appraisal guidance (168)
                      </span>
                    </label>
                  </fieldset>
                </div>
              </div>
            </div>
          </form>
        </section>
        <section
          aria-labelledby="filter-summary"
          data-g="12 md:8 lg:9"
        >
          <div
            class="filter-summary"
            id="filter-summary"
          >
            <div
              class="filter-summary__count"
            >
              <h2
                class="h5 mv--0"
              >
                Showing 
                1
                 to 
                10
                 of 
                209
              </h2>
            </div>
          </div>
          <div
            class="tableWrapper"
          >
            <table
              aria-describedby="filter-summary"
              class="table"
              id="results"
            >
              <caption
                class="visually-hidden"
              >
                Guidance and quality standards awaiting development
              </caption>
              <thead>
                <tr>
                  <th
                    scope="col"
                  >
                    Title
                  </th>
                  <th
                    scope="col"
                  >
                    Type
                  </th>
                </tr>
              </thead>
              <tbody>
                <tr>
                  <td>
                    <a
                      href="/guidance/awaiting-development/gid-qs10035"
                    >
                      Abdominal aortic aneurysm
                    </a>
                  </td>
                  <td>
                    Quality standard
                  </td>
                </tr>
                <tr>
                  <td>
                    <a
                      href="/guidance/awaiting-development/gid-ta10718"
                    >
                      Abilify MyCite for treating bipolar disorder 1 or schizophrenia [ID3833]
                    </a>
                  </td>
                  <td>
                    Technology appraisal guidance
                  </td>
                </tr>
                <tr>
                  <td>
                    <a
                      href="/guidance/awaiting-development/gid-qs10036"
                    >
                      Acne
                    </a>
                  </td>
                  <td>
                    Quality standard
                  </td>
                </tr>
                <tr>
                  <td>
                    <a
                      href="/guidance/awaiting-development/gid-qs10038"
                    >
                      Adrenal dysfunction
                    </a>
                  </td>
                  <td>
                    Quality standard
                  </td>
                </tr>
                <tr>
                  <td>
                    <a
                      href="/guidance/awaiting-development/gid-qs10144"
                    >
                      Adults with lifelong or very severe hearing or visual impairment: health, well-being and social care
                    </a>
                  </td>
                  <td>
                    Quality standard
                  </td>
                </tr>
                <tr>
                  <td>
                    <a
                      href="/guidance/awaiting-development/gid-qs10145"
                    >
                      Advocacy services for adults with health and social care needs
                    </a>
                  </td>
                  <td>
                    Quality standard
                  </td>
                </tr>
                <tr>
                  <td>
                    <a
                      href="/guidance/awaiting-development/gid-ta10803"
                    >
                      Amcenestrant for treating ER-positive, HER2-negative advanced breast cancer after hormonal therapy [ID3919]
                    </a>
                  </td>
                  <td>
                    Technology appraisal guidance
                  </td>
                </tr>
                <tr>
                  <td>
                    <a
                      href="/guidance/awaiting-development/gid-hst10037"
                    >
                      Arimoclomol for treating Niemann-Pick disease Type C [ID1312]
                    </a>
                  </td>
                  <td>
                    Highly specialised technology
                  </td>
                </tr>
                <tr>
                  <td>
                    <a
                      href="/guidance/awaiting-development/gid-hst10046"
                    >
                      Asfotase alfa for treating paediatric-onset hypophosphatasia (review of HST6) [ID3927]
                    </a>
                  </td>
                  <td>
                    Highly specialised technology
                  </td>
                </tr>
                <tr>
                  <td>
                    <a
                      href="/guidance/awaiting-development/gid-ta10574"
                    >
                      Atezolizumab in combination for advanced epithelial ovarian, fallopian tube or primary peritoneal cancer in people who have not received any prior systemic therapy  [ID2700]
                    </a>
                  </td>
                  <td>
                    Technology appraisal guidance
                  </td>
                </tr>
              </tbody>
            </table>
          </div>
          <nav
            aria-label="Pagination"
            class="pagination "
            role="navigation"
          >
            <ol
              class="pagination__list"
            >
              <li
                aria-current="true"
                class="pagination__item pagination__item--current"
              >
                <span
                  class="pagination__inactive"
                >
                  <span
                    class="visually-hidden"
                  >
                    Current page 
                  </span>
                  1
                </span>
              </li>
              <li
                class="pagination__item"
              >
                <a
                  aria-label="Go to page 2"
                  class="pagination__link"
                  href="/?pa=2"
                >
                  2
                </a>
              </li>
              <li
                class="pagination__item"
              >
                <a
                  aria-label="Go to page 3"
                  class="pagination__link"
                  href="/?pa=3"
                >
                  3
                </a>
              </li>
              <li
                class="pagination__item"
              >
                <span
                  class="pagination__inactive"
                >
                  …
                </span>
              </li>
              <li
                class="pagination__item"
              >
                <a
                  aria-label="Go to page 21"
                  class="pagination__link"
                  href="/?pa=21"
                >
                  21
                </a>
              </li>
              <li
                class="pagination__item pagination__item--count"
              >
                <span>
                  Page 
                  <strong>
                    1
                  </strong>
                   of 
                  <strong>
                    21
                  </strong>
                </span>
              </li>
              <li
                class="pagination__item pagination__item--bookend"
              >
                <a
                  class="pagination__link"
                  href="/?pa=2"
                >
                  Next page
                </a>
              </li>
            </ol>
          </nav>
          <div
            class="grid grid--middle mt--d"
          >
            <div
              class="mb--e mb--0-sm"
              data-g="12 sm:6"
            >
              <button
                class="btn mv--0 mh--0"
                type="button"
              >
                Copy 
                10 results
                 to clipboard
              </button>
            </div>
            <div
              class="text-right"
              data-g="12 sm:6"
            >
              <h3
                class="p mt--0 mb--c"
              >
                Results per page
              </h3>
              <ol
                class="list list--piped mv--0"
              >
                <li
                  class="pl--b"
                >
                  10
                </li>
                <li
                  class="pl--b"
                >
                  <a
                    aria-label="Show 25 results per page"
                    class="ph--0"
                    href="/?ps=25"
                  >
                    25
                  </a>
                </li>
                <li
                  class="pl--b"
                >
                  <a
                    aria-label="Show 50 results per page"
                    class="ph--0"
                    href="/?ps=50"
                  >
                    50
                  </a>
                </li>
                <li
                  class="pl--b"
                >
                  <a
                    aria-label="Show All results per page"
                    class="ph--0"
                    href="/?ps=9999"
                  >
                    All
                  </a>
                </li>
              </ol>
            </div>
          </div>
        </section>
      </div>
    </div>
  </main>
  <noscript />
</div>
`;
