// Jest Snapshot v1, https://goo.gl/fbAQLP

exports[`/news/in-depth/index.page InDepthArticleIndexPage should match snapshot for main content 1`] = `
<body>
  <div>
    <div
      class="page-header page-header--full-width-dark page-header--vertical-padding-loose"
      data-component="page-header"
      id="content-start"
    >
      <div
        class="page-header__full-width-container"
      >
        <div
          class="page-header__breadcrumbs"
        >
          <nav
            aria-label="Breadcrumbs"
            data-component="breadcrumbs"
            role="navigation"
          >
            <ol
              class="breadcrumbs"
            >
              <li
                class="breadcrumbs__crumb"
              >
                <a
                  href="/"
                >
                  Home
                </a>
              </li>
              <li
                class="breadcrumbs__crumb"
              >
                <a
                  href="/news"
                >
                  News
                </a>
              </li>
              <li
                class="breadcrumbs__crumb"
              >
                <span>
                  In-depth
                </span>
              </li>
            </ol>
          </nav>
          <script
            type="application/ld+json"
          >
            {
  "@context": "http://schema.org",
  "@type": "BreadcrumbList",
  "itemListElement": [
    {
      "@type": "ListItem",
      "position": 1,
      "item": {
        "@id": "/",
        "name": "Home"
      }
    },
    {
      "@type": "ListItem",
      "position": 2,
      "item": {
        "@id": "/news",
        "name": "News"
      }
    },
    {
      "@type": "ListItem",
      "position": 3,
      "item": {
        "name": "In-depth"
      }
    }
  ]
}
          </script>
        </div>
        <h1
          class="page-header__heading "
        >
          In-depth
        </h1>
        <p
          class="page-header__lead"
        >
          Our in-depth articles explore how our work is making a real difference to people's lives.
        </p>
        <div
          class="page-header__description"
        >
          Through this featured content, you'll learn how our guidance and advice is supporting effective decision making, for the benefit of individuals and society as a whole.
        </div>
      </div>
    </div>
    <nav
      aria-label="News section navigation"
      class="horizontal-nav"
    >
      <ul
        class="horizontal-nav__list"
      >
        <li
          class="horizontal-nav__item"
          data-component="horizontal-nav"
        >
          <a
            aria-current="false"
            class="horizontal-nav__link"
            href="/news"
          >
            News
          </a>
        </li>
        <li
          class="horizontal-nav__item"
          data-component="horizontal-nav"
        >
          <a
            aria-current="false"
            class="horizontal-nav__link"
            href="/news/articles"
          >
            News articles
          </a>
        </li>
        <li
          class="horizontal-nav__item"
          data-component="horizontal-nav"
        >
          <a
            aria-current="true"
            class="horizontal-nav__link"
            href="/news/in-depth"
          >
            In-depth
          </a>
        </li>
        <li
          class="horizontal-nav__item"
          data-component="horizontal-nav"
        >
          <a
            aria-current="false"
            class="horizontal-nav__link"
            href="/news/blogs"
          >
            Blogs
          </a>
        </li>
        <li
          class="horizontal-nav__item"
          data-component="horizontal-nav"
        >
          <a
            aria-current="false"
            class="horizontal-nav__link"
            href="/news/podcasts"
          >
            Podcasts
          </a>
        </li>
      </ul>
    </nav>
    <h2
      class="visually-hidden"
      tabindex="-1"
    >
      In-depth articles list
    </h2>
    <ul
      class="newsList"
    >
      <li
        class="newsItem"
      >
        <article
          class="newsCard listItem"
        >
          <a
            aria-hidden="true"
            class="imageContainer"
            href="/news/articles/new-story"
            style="background-image: url(https://local-host-test-nice-org.com/f/292509/805x453/42b7a1a419/nhs-team-16-9.JPG/m/868x0/filters:quality%2880%29);"
            tabindex="-1"
          >
             
          </a>
          <div>
            <h3
              class="heading"
            >
              <a
                href="/news/articles/new-story"
              >
                new story
              </a>
            </h3>
            <p>
              test
            </p>
            <footer>
              <div>
                <span
                  class="tag tag--outline"
                  data-component="tag"
                >
                  News
                </span>
                <time
                  class="date"
                  datetime="2025-05-10 00:00"
                >
                  10 May 2025
                </time>
              </div>
            </footer>
          </div>
        </article>
      </li>
      <li
        class="newsItem"
      >
        <article
          class="newsCard listItem"
        >
          <a
            aria-hidden="true"
            class="imageContainer"
            href="/news/articles/young-people-with-chronic-tic-disorders-and-tourette-syndrome"
            style="background-image: url(https://local-host-test-nice-org.com/f/292509/x/43838fb421/storyblok_1.avif/m/868x0/filters:quality%2880%29);"
            tabindex="-1"
          >
             
          </a>
          <div>
            <h3
              class="heading"
            >
              <a
                href="/news/articles/young-people-with-chronic-tic-disorders-and-tourette-syndrome"
              >
                Young people with chronic tic disorders and Tourette syndrome
              </a>
            </h3>
            <p>
              Digital therapy to help children and young people manage their condition.
            </p>
            <footer>
              <div>
                <span
                  class="tag tag--outline"
                  data-component="tag"
                >
                  News
                </span>
                <time
                  class="date"
                  datetime="2025-05-09 00:00"
                >
                  09 May 2025
                </time>
              </div>
            </footer>
          </div>
        </article>
      </li>
      <li
        class="newsItem"
      >
        <article
          class="newsCard listItem"
        >
          <a
            aria-hidden="true"
            class="imageContainer"
            href="/news/articles/technology-for-children-and-young-people-with-chronic-tic-disorders-and-tourette-syndrome-recommended"
            style="background-image: url(https://local-host-test-nice-org.com/f/292509/x/43838fb421/storyblok_1.avif/m/868x0/filters:quality%2880%29);"
            tabindex="-1"
          >
             
          </a>
          <div>
            <h3
              class="heading"
            >
              <a
                href="/news/articles/technology-for-children-and-young-people-with-chronic-tic-disorders-and-tourette-syndrome-recommended"
              >
                Technology for children and young people with chronic tic disorders and Tourette syndrome recommended
              </a>
            </h3>
            <p>
              Final guidance recommends one digital therapy to help children and young people manage their condition.
            </p>
            <footer>
              <div>
                <span
                  class="tag tag--outline"
                  data-component="tag"
                >
                  News
                </span>
                <time
                  class="date"
                  datetime="2025-05-09 00:00"
                >
                  09 May 2025
                </time>
              </div>
            </footer>
          </div>
        </article>
      </li>
      <li
        class="newsItem"
      >
        <article
          class="newsCard listItem"
        >
          <a
            aria-hidden="true"
            class="imageContainer"
            href="/news/articles/test-news-article-8th-may"
            style="background-image: url(https://local-host-test-nice-org.com/f/292509/624x350/b118a9ebd8/0c34ac90-2a34-11f0-b26b-ab62c890638b-jpg.webp/m/868x0/filters:quality%2880%29);"
            tabindex="-1"
          >
             
          </a>
          <div>
            <h3
              class="heading"
            >
              <a
                href="/news/articles/test-news-article-8th-may"
              >
                Test news article 8th may
              </a>
            </h3>
            <p>
              intro text test
Text update 09/05/25 10:15
Text update 09/05 10:25
            </p>
            <footer>
              <div>
                <span
                  class="tag tag--outline"
                  data-component="tag"
                >
                  News
                </span>
                <time
                  class="date"
                  datetime="2025-05-08 00:00"
                >
                  08 May 2025
                </time>
              </div>
            </footer>
          </div>
        </article>
      </li>
      <li
        class="newsItem"
      >
        <article
          class="newsCard listItem"
        >
          <a
            aria-hidden="true"
            class="imageContainer"
            href="/news/articles/thousands-of-people-in-england-with-sight-loss-could-benefit-from-a-new-treatment-option"
            style="background-image: url(https://local-host-test-nice-org.com/f/243782/8660x5773/c394fd5edb/sight-test.jpg/m/868x0/filters:quality%2880%29);"
            tabindex="-1"
          >
             
          </a>
          <div>
            <h3
              class="heading"
            >
              <a
                href="/news/articles/thousands-of-people-in-england-with-sight-loss-could-benefit-from-a-new-treatment-option"
              >
                Thousands of people in England with sight loss could benefit from a new treatment option
              </a>
            </h3>
            <p>
              Test text update 08/05/25 16:41
Test text update 08/05/25 16:45
            </p>
            <footer>
              <div>
                <span
                  class="tag tag--outline"
                  data-component="tag"
                >
                  News
                </span>
                <time
                  class="date"
                  datetime="2025-05-08 00:00"
                >
                  08 May 2025
                </time>
              </div>
            </footer>
          </div>
        </article>
      </li>
      <li
        class="newsItem"
      >
        <article
          class="newsCard listItem"
        >
          <a
            aria-hidden="true"
            class="imageContainer"
            href="/news/articles/test-news-story-6-may-afternoon"
            style="background-image: url(https://local-host-test-nice-org.com/f/292509/624x350/b118a9ebd8/0c34ac90-2a34-11f0-b26b-ab62c890638b-jpg.webp/m/868x0/filters:quality%2880%29);"
            tabindex="-1"
          >
             
          </a>
          <div>
            <h3
              class="heading"
            >
              <a
                href="/news/articles/test-news-story-6-may-afternoon"
              >
                Test news story 6 may afternoon
              </a>
            </h3>
            <p>
              Intro text
            </p>
            <footer>
              <div>
                <span
                  class="tag tag--outline"
                  data-component="tag"
                >
                  News
                </span>
                <time
                  class="date"
                  datetime="2025-05-06 00:00"
                >
                  06 May 2025
                </time>
              </div>
            </footer>
          </div>
        </article>
      </li>
    </ul>
    <section
      class="action-banner"
      data-component="action-banner"
    >
      <div
        class="action-banner__container"
      >
        <div
          class="action-banner__inner"
        >
          <div
            class="action-banner__text"
          >
            <h2
              class="action-banner__title"
            >
              Sign up for our newsletters and alerts
            </h2>
            <div
              class="action-banner__intro"
            >
              Keeping you up to date with important developments at NICE.
            </div>
          </div>
          <div
            class="action-banner__actions"
          >
            <a
              class="btn btn--cta signupCta"
              data-component="button--cta"
              href="/nice-newsletters-and-alerts"
            >
              Sign up for newsletters and alerts
            </a>
          </div>
        </div>
      </div>
    </section>
    <div
      class="simple-pagination"
      data-component="simple-pagination"
    >
      <p>
        Page 
        <b>
          1
        </b>
         
        of 
        <b>
          2
        </b>
      </p>
      <nav
        aria-label="Pagination"
      >
        <span
          class="simple-pagination__link-wrapper"
        >
          <a
            class="simple-pagination__link"
            href="/news/in-depth?page=2"
          >
            Next page
          </a>
           
        </span>
      </nav>
    </div>
  </div>
</body>
`;

exports[`/news/in-depth/index.page InDepthArticleIndexPage should render error page if validateRouteParams returns error 1`] = `
<DocumentFragment>
  <nav
    aria-label="Breadcrumbs"
    data-component="breadcrumbs"
    role="navigation"
  >
    <ol
      class="breadcrumbs"
    >
      <li
        class="breadcrumbs__crumb"
      >
        <a
          href="/"
        >
          Home
        </a>
      </li>
      <li
        class="breadcrumbs__crumb"
      >
        <span>
          Error
        </span>
      </li>
    </ol>
  </nav>
  <script
    type="application/ld+json"
  >
    {
  "@context": "http://schema.org",
  "@type": "BreadcrumbList",
  "itemListElement": [
    {
      "@type": "ListItem",
      "position": 1,
      "item": {
        "@id": "/",
        "name": "Home"
      }
    },
    {
      "@type": "ListItem",
      "position": 2,
      "item": {
        "name": "Error"
      }
    }
  ]
}
  </script>
  <div
    class="page-header  page-header--vertical-padding-loose"
    data-component="page-header"
    id="content-start"
  >
    <h1
      class="page-header__heading "
    >
      An error returned from getserversideprops
    </h1>
    <p
      class="page-header__lead"
    >
      We'll look into it right away. Please try again in a few minutes. And if it's still not fixed, 
      <a
        href="/get-involved/contact-us"
      >
        contact us
      </a>
      .
    </p>
  </div>
  <h2>
    What can I do now?
  </h2>
  <div
    class="grid grid--loose"
  >
    <div
      data-component="grid-item"
      data-g="12 sm:6 md:4"
    >
      <ul
        class="mt--0"
      >
        <li>
          Check that the web address has been typed correctly
        </li>
        <li>
          Look for it using search
        </li>
        <li>
          Browse for it from the 
          <a
            href="/"
          >
            homepage
          </a>
        </li>
      </ul>
      <p>
        And if you still can't find what you're looking for, 
        <a
          href="/get-involved/contact-us"
        >
          get in touch
        </a>
        .
      </p>
    </div>
    <div
      data-component="grid-item"
      data-g="12 sm:6 md:8"
    >
      <p
        class="mt--0"
      >
        Here's where you can go from here:
      </p>
      <ul>
        <li>
          Explore 
          <a
            href="/guidance"
          >
            NICE guidance, quality standards and advice
          </a>
          . You can do this by 
          <a
            href="/guidance/conditions-and-diseases"
          >
            category to find a topic
          </a>
          , or choose a 
          <a
            href="/guidance/published"
          >
            list organised by date or title
          </a>
          .
        </li>
        <li>
          <a
            href="/about"
          >
            Visit our about pages
          </a>
           to find information about our services, 
          <a
            href="/about/who-we-are"
          >
            who we are
          </a>
           and 
          <a
            href="/about/what-we-do"
          >
            what we do
          </a>
        </li>
      </ul>
      <p>
        If this is not the first time you have seen this message and believe that there is a serious problem 
        <a
          href="/get-involved/contact-us"
        >
          please contact us directly
        </a>
      </p>
    </div>
  </div>
</DocumentFragment>
`;
