// Jest Snapshot v1, https://goo.gl/fbAQLP

exports[`/indicators/[slug]/history/[htmlPath]/index.page HistoryHTMLPage should match snapshot for main content 1`] = `
<body>
  <div>
    <nav
      aria-label="Breadcrumbs"
      data-component="breadcrumbs"
      role="navigation"
    >
      <ol
        class="breadcrumbs"
      >
        <li
          class="breadcrumbs__crumb"
        >
          <a
            href="/"
          >
            Home
          </a>
        </li>
        <li
          class="breadcrumbs__crumb"
        >
          <a
            href="/standards-and-indicators/indicators"
          >
            Indicators
          </a>
        </li>
        <li
          class="breadcrumbs__crumb"
        >
          <a
            href="/guidance/ng100"
          >
            NG100
          </a>
        </li>
        <li
          class="breadcrumbs__crumb"
        >
          <a
            href="/guidance/ng100/history"
          >
            History
          </a>
        </li>
        <li
          class="breadcrumbs__crumb"
        >
          <span>
            Draft scope consultation
          </span>
        </li>
      </ol>
    </nav>
    <script
      type="application/ld+json"
    >
      {
  "@context": "http://schema.org",
  "@type": "BreadcrumbList",
  "itemListElement": [
    {
      "@type": "ListItem",
      "position": 1,
      "item": {
        "@id": "/",
        "name": "Home"
      }
    },
    {
      "@type": "ListItem",
      "position": 2,
      "item": {
        "@id": "/standards-and-indicators/indicators",
        "name": "Indicators"
      }
    },
    {
      "@type": "ListItem",
      "position": 3,
      "item": {
        "@id": "/guidance/ng100",
        "name": "NG100"
      }
    },
    {
      "@type": "ListItem",
      "position": 4,
      "item": {
        "@id": "/guidance/ng100/history",
        "name": "History"
      }
    },
    {
      "@type": "ListItem",
      "position": 5,
      "item": {
        "name": "Draft scope consultation"
      }
    }
  ]
}
    </script>
    <div
      class="page-header "
      data-component="page-header"
      id="content-start"
    >
      <h1
        class="page-header__heading page-header__heading--alt"
      >
        Rheumatoid arthritis in adults: management
      </h1>
      <ul
        class="page-header__metadata"
      >
        <li>
          NICE guideline
        </li>
        <li>
          NG100
        </li>
        <li>
          Published:
          <time
            datetime="2018-07-11"
          >
             
            11 July 2018
          </time>
        </li>
        <li>
          Last updated:
          <time
            datetime="2020-10-12"
          >
             
             
            12 October 2020
          </time>
        </li>
      </ul>
    </div>
    <nav
      class="horizontal-nav"
    >
      <ul
        class="horizontal-nav__list"
      >
        <li
          class="horizontal-nav__item"
          data-component="horizontal-nav"
        >
          <a
            aria-current="false"
            class="horizontal-nav__link"
            href="/guidance/ng100"
          >
            Indicator
          </a>
        </li>
        <li
          class="horizontal-nav__item"
          data-component="horizontal-nav"
        >
          <a
            aria-current="false"
            class="horizontal-nav__link"
            href="/guidance/ng100/resources"
          >
            Tools and resources
          </a>
        </li>
        <li
          class="horizontal-nav__item"
          data-component="horizontal-nav"
        >
          <a
            aria-current="false"
            class="horizontal-nav__link"
            href="/guidance/ng100/evidence"
          >
            Evidence
          </a>
        </li>
        <li
          class="horizontal-nav__item"
          data-component="horizontal-nav"
        >
          <a
            aria-current="true"
            class="horizontal-nav__link"
            href="/guidance/ng100/history"
          >
            History
          </a>
        </li>
      </ul>
    </nav>
    <div>
      <p>
        You can now comment on this draft scope. The scope defines what the guideline will (and will not) cover.
      </p>
      

      <p>
        <strong>
          The consultation closes on 
        </strong>
        <strong>
          15 July 2016
        </strong>
         
        <strong>
          at 5pm
        </strong>
      </p>
      

      <h3>
        How to comment
      </h3>
      

      <h2>
        1. Register your organisation
      </h2>
      

      <p>
        Your organisation needs to be 
        <a
          href="https://www.nice.org.uk/get-involved/stakeholder-registration"
        >
          registered as a stakeholder
        </a>
         before we can accept comments.
      </p>
      

      <p>
        Not eligible? Contact the 
        <a
          href="https://www.nice.org.uk/guidance/GID-NG10014/documents/stakeholder-list"
        >
          stakeholder organisation
        </a>
         that most closely represents your interests and pass your comments to them.
      </p>
      

      <h2>
        2. Read the consultation documents
      </h2>
      

      <ul>
        

        <li>
          <a
            href="/guidance/GID-NG10014/documents/draft-scope"
          >
            Draft scope
          </a>
        </li>
        

      </ul>
      

      <p>
        <strong>
          Background documents
        </strong>
      </p>
      

      <ul>
        

        <li>
          <a
            href="/guidance/GID-NG10014/documents/equality-impact-assessment"
          >
            Equality impact assessment
          </a>
        </li>
        

        <li>
          <a
            href="http://www.nice.org.uk/article/pmg22/chapter/3-how-you-can-get-involved"
          >
            Developing NICE guidelines: how to get involved
          </a>
          <strong>
             
          </strong>
        </li>
        

      </ul>
      

      <h2>
        3. Make your comments
      </h2>
      

      <ul>
        

        <li>
          You must use the 
          <a
            href="/guidance/GID-NG10014/documents/comments-form"
          >
            Comments form
          </a>
        </li>
        

        <li>
          You must declare any links with, or funding from, the tobacco industry
        </li>
        

      </ul>
      

      <p>
        If you share similar views with another registered organisation, send a joint response.
      </p>
      

      <h2>
        4. Email the form to us
      </h2>
      

      <p>
        Email: 
        <a
          href="mailto:RAupdate@nice.org.uk"
        >
          RAupdate@nice.org.uk
        </a>
      </p>
      

      <p>
        <strong>
          Deadline:
        </strong>
        <strong>
          15 July 2016
        </strong>
        , 
        <strong>
          5pm
        </strong>
      </p>
    </div>
    <div
      class="resourceLinks"
    >
      <hr
        class="mb--d"
      />
      <ul
        class="list list--unstyled"
      >
        <li>
          <article
            class="card"
            data-component="card"
          >
            <header
              class="card__header"
            >
              <p
                class="card__heading"
              >
                <a
                  href="/guidance/ng100/history/downloads/NG100-comments-form.doc"
                >
                  Comments form
                   
                  (
                  Word
                  ,
                   
                  65 kB
                  )
                </a>
              </p>
            </header>
            <dl
              class="card__metadata"
            >
              <div
                class="card__metadatum"
              >
                <dt
                  class="visually-hidden"
                >
                  Date
                </dt>
                <dd>
                  <time
                    datetime="2016-06-14"
                  >
                    14 June 2016
                  </time>
                </dd>
              </div>
            </dl>
          </article>
        </li>
        <li>
          <article
            class="card"
            data-component="card"
          >
            <header
              class="card__header"
            >
              <p
                class="card__heading"
              >
                <a
                  href="/guidance/ng100/history/downloads/NG100-draft-scope.pdf"
                >
                  Draft scope
                   
                  (
                  PDF
                  ,
                   
                  124 kB
                  )
                </a>
              </p>
            </header>
            <dl
              class="card__metadata"
            >
              <div
                class="card__metadatum"
              >
                <dt
                  class="visually-hidden"
                >
                  Date
                </dt>
                <dd>
                  <time
                    datetime="2016-06-17"
                  >
                    17 June 2016
                  </time>
                </dd>
              </div>
            </dl>
          </article>
        </li>
        <li>
          <article
            class="card"
            data-component="card"
          >
            <header
              class="card__header"
            >
              <p
                class="card__heading"
              >
                <a
                  href="/guidance/ng100/history/downloads/NG100-equality-impact-assessment-8.pdf"
                >
                  Equality impact assessment
                   
                  (
                  PDF
                  ,
                   
                  233 kB
                  )
                </a>
              </p>
            </header>
            <dl
              class="card__metadata"
            >
              <div
                class="card__metadatum"
              >
                <dt
                  class="visually-hidden"
                >
                  Date
                </dt>
                <dd>
                  <time
                    datetime="2020-03-31"
                  >
                    31 March 2020
                  </time>
                </dd>
              </div>
            </dl>
          </article>
        </li>
      </ul>
    </div>
    <p>
      This page was last updated on
       
      <time
        datetime="2016-07-19"
      >
        19 July 2016
      </time>
    </p>
  </div>
</body>
`;

exports[`/indicators/[slug]/history/[htmlPath]/index.page getServerSideProps should return a correct props 1`] = `
Object {
  "props": Object {
    "hasEvidenceResources": true,
    "hasHistory": true,
    "hasInfoForPublicResources": true,
    "hasToolsAndResources": true,
    "lastUpdated": "2016-07-19T08:56:00",
    "product": Object {
      "id": "NG100",
      "lastMajorModificationDate": "2020-10-12T00:00:00",
      "productTypeName": "NICE guideline",
      "publishedDate": "2018-07-11T00:00:00",
      "title": "Rheumatoid arthritis in adults: management",
    },
    "productPath": "/guidance/ng100",
    "resource": Object {
      "resourceFileHTML": "<p>You can now comment on this draft scope. The scope defines what the guideline will (and will not) cover.</p>
<p><strong>The consultation closes on </strong><strong>15 July 2016</strong> <strong>at 5pm</strong></p>
<h3>How to comment</h3>
<h2>1. Register your organisation</h2>
<p>Your organisation needs to be <a href=\\"https://www.nice.org.uk/get-involved/stakeholder-registration\\">registered as a stakeholder</a> before we can accept comments.</p>
<p>Not eligible? Contact the <a href=\\"https://www.nice.org.uk/guidance/GID-NG10014/documents/stakeholder-list\\">stakeholder organisation</a> that most closely represents your interests and pass your comments to them.</p>
<h2>2. Read the consultation documents</h2>
<ul>
<li><a href=\\"/guidance/GID-NG10014/documents/draft-scope\\">Draft scope</a></li>
</ul>
<p><strong>Background documents</strong></p>
<ul>
<li><a href=\\"/guidance/GID-NG10014/documents/equality-impact-assessment\\">Equality impact assessment</a></li>
<li><a href=\\"http://www.nice.org.uk/article/pmg22/chapter/3-how-you-can-get-involved\\">Developing NICE guidelines: how to get involved</a><strong>&nbsp;</strong></li>
</ul>
<h2>3. Make your comments</h2>
<ul>
<li>You must use the <a href=\\"/guidance/GID-NG10014/documents/comments-form\\">Comments form</a></li>
<li>You must declare any links with, or funding from, the tobacco industry</li>
</ul>
<p>If you share similar views with another registered organisation, send a joint response.</p>
<h2>4. Email the form to us</h2>
<p>Email: <a href=\\"mailto:RAupdate@nice.org.uk\\">RAupdate@nice.org.uk</a></p>
<p><strong>Deadline:</strong><strong>15 July 2016</strong>, <strong>5pm</strong></p>",
      "title": "Draft scope consultation",
    },
    "resourceLinks": Array [
      Object {
        "date": "2016-06-14T08:06:00",
        "fileSize": 64512,
        "fileTypeName": "Word",
        "href": "/guidance/ng100/history/downloads/NG100-comments-form.doc",
        "title": "Comments form",
        "type": "Draft scope consultation",
      },
      Object {
        "date": "2016-06-17T01:01:00",
        "fileSize": 123626,
        "fileTypeName": "PDF",
        "href": "/guidance/ng100/history/downloads/NG100-draft-scope.pdf",
        "title": "Draft scope",
        "type": "Draft scope consultation",
      },
      Object {
        "date": "2020-03-31T16:01:00",
        "fileSize": 233482,
        "fileTypeName": "PDF",
        "href": "/guidance/ng100/history/downloads/NG100-equality-impact-assessment-8.pdf",
        "title": "Equality impact assessment",
        "type": "Draft scope consultation",
      },
    ],
  },
}
`;
