// Jest Snapshot v1, https://goo.gl/fbAQLP

exports[`/indicators/inconsultation should match the snapshot 1`] = `
<div>
  <div />
  <main>
    <div
      class="container"
      data-component="container"
    >
      <nav
        aria-label="Breadcrumbs"
        data-component="breadcrumbs"
        role="navigation"
      >
        <ol
          class="breadcrumbs"
        >
          <li
            class="breadcrumbs__crumb"
          >
            <a
              href="/"
            >
              Home
            </a>
          </li>
          <li
            class="breadcrumbs__crumb"
          >
            <a
              href="/standards-and-indicators"
            >
              Standards and Indicators
            </a>
          </li>
          <li
            class="breadcrumbs__crumb"
          >
            <a
              href="/standards-and-indicators/indicators"
            >
              Indicators
            </a>
          </li>
          <li
            class="breadcrumbs__crumb"
          >
            <span>
              In consultation
            </span>
          </li>
        </ol>
      </nav>
      <script
        type="application/ld+json"
      >
        {
  "@context": "http://schema.org",
  "@type": "BreadcrumbList",
  "itemListElement": [
    {
      "@type": "ListItem",
      "position": 1,
      "item": {
        "@id": "/",
        "name": "Home"
      }
    },
    {
      "@type": "ListItem",
      "position": 2,
      "item": {
        "@id": "/standards-and-indicators",
        "name": "Standards and Indicators"
      }
    },
    {
      "@type": "ListItem",
      "position": 3,
      "item": {
        "@id": "/standards-and-indicators/indicators",
        "name": "Indicators"
      }
    },
    {
      "@type": "ListItem",
      "position": 4,
      "item": {
        "name": "In consultation"
      }
    }
  ]
}
      </script>
      <div
        class="page-header "
        data-component="page-header"
        id="content-start"
      >
        <div
          class="grid"
        >
          <div
            data-component="grid-item"
            data-g="12 md:12"
          >
            <h1
              class="page-header__heading "
            >
              <span
                class="page-header__pre-heading"
              >
                In consultation
              </span>
              Indicators
            </h1>
            <p
              class="page-header__lead"
            >
              <a
                class="skipLink"
                href="#filters"
              >
                Skip to filters
              </a>
              <a
                class="skipLink"
                href="#results"
              >
                Skip to results
              </a>
            </p>
          </div>
        </div>
      </div>
      <nav
        aria-label="Stages of indicator development"
        class="horizontal-nav"
      >
        <ul
          class="horizontal-nav__list"
        >
          <li
            class="horizontal-nav__item"
            data-component="horizontal-nav"
          >
            <a
              aria-current="false"
              class="horizontal-nav__link"
              href="/indicators/published"
            >
              Published
            </a>
          </li>
          <li
            class="horizontal-nav__item"
            data-component="horizontal-nav"
          >
            <a
              aria-current="false"
              class="horizontal-nav__link"
              href="/indicators/inconsultation"
            >
              In consultation
            </a>
          </li>
          <li
            class="horizontal-nav__item"
            data-component="horizontal-nav"
          >
            <a
              aria-current="false"
              class="horizontal-nav__link"
              href="/indicators/indevelopment"
            >
              In development
            </a>
          </li>
        </ul>
      </nav>
      <div
        class="grid grid--loose sectionWrapper"
      >
        <section
          aria-label="Filter results"
          class="panelWrapper"
          data-component="grid-item"
          data-g="12 md:4 lg:3"
        >
          <form
            aria-label="Filter results"
            id="filters"
          >
            <div
              class="filter-panel"
              data-component="filter-panel"
            >
              <h2
                class="filter-panel__heading"
              >
                <button
                  aria-controls="filter-panel-body"
                  aria-expanded="true"
                  type="button"
                >
                  <svg
                    aria-hidden="true"
                    class="filter-panel__heading-icon filter-panel__heading-icon--expanded"
                    fill="none"
                    focusable="false"
                    height="1em"
                    viewBox="0 0 512 512"
                    width="1em"
                    xmlns="http://www.w3.org/2000/svg"
                  >
                    <path
                      d="M478.152 174c0 10.091-3.525 18.661-10.576 25.712l-186 186c-7.243 7.243-15.909 10.864-26 10.864-10.283 0-18.853-3.621-25.712-10.864l-186-186C36.621 192.853 33 184.283 33 174c0-10.091 3.621-18.757 10.864-26L65 126.576C72.424 119.525 81.09 116 91 116c10.091 0 18.661 3.525 25.712 10.576L255.576 265.44 394.44 126.576c7.051-7.051 15.621-10.576 25.712-10.576 9.909 0 18.576 3.525 26 10.576L467.576 148c7.051 7.424 10.576 16.091 10.576 26Z"
                      fill="currentColor"
                    />
                  </svg>
                  Filter
                </button>
              </h2>
              <div
                aria-hidden="false"
                class="filter-panel__body"
                id="filter-panel-body"
              >
                <a
                  class="skipLink"
                  href="#results"
                >
                  Skip to results
                </a>
                <input
                  name="ps"
                  type="hidden"
                  value=""
                />
                <input
                  name="s"
                  type="hidden"
                  value=""
                />
                <div
                  class="container"
                >
                  <label
                    class="label"
                    for="q"
                  >
                    Filter by title or keyword
                  </label>
                  <div
                    class="input"
                    data-component="input"
                  >
                    <input
                      autocomplete="off"
                      class="input__input"
                      id="q"
                      name="q"
                      placeholder="E.g. 'diabetes' or 'IND28'"
                      type="text"
                      value=""
                    />
                  </div>
                  <button
                    class="btn button"
                    data-component="button--primary"
                    type="submit"
                  >
                    Filter
                  </button>
                </div>
                <div
                  class="filter-group"
                >
                  <h3
                    class="filter-group__heading"
                  >
                    <button
                      aria-controls="group-consultation-end-date"
                      aria-expanded="true"
                      type="button"
                    >
                      <svg
                        aria-hidden="true"
                        class="filter-group__heading-icon filter-group__heading-icon--expanded"
                        fill="none"
                        focusable="false"
                        height="1em"
                        viewBox="0 0 512 512"
                        width="1em"
                        xmlns="http://www.w3.org/2000/svg"
                      >
                        <path
                          d="M478.152 174c0 10.091-3.525 18.661-10.576 25.712l-186 186c-7.243 7.243-15.909 10.864-26 10.864-10.283 0-18.853-3.621-25.712-10.864l-186-186C36.621 192.853 33 184.283 33 174c0-10.091 3.621-18.757 10.864-26L65 126.576C72.424 119.525 81.09 116 91 116c10.091 0 18.661 3.525 25.712 10.576L255.576 265.44 394.44 126.576c7.051-7.051 15.621-10.576 25.712-10.576 9.909 0 18.576 3.525 26 10.576L467.576 148c7.051 7.424 10.576 16.091 10.576 26Z"
                          fill="currentColor"
                        />
                      </svg>
                      <span
                        id="group-heading-consultation-end-date"
                      >
                        Consultation end date
                         
                      </span>
                    </button>
                  </h3>
                  <fieldset
                    aria-hidden="false"
                    class="filter-group__options"
                    id="group-consultation-end-date"
                  >
                    <legend>
                      Consultation end date
                    </legend>
                    <div
                      class="ph--c pt--c"
                    >
                      <div
                        class="input"
                        data-component="input"
                      >
                        <label
                          class="input__label"
                          for="from"
                        >
                          From date
                        </label>
                        <input
                          class="input__input"
                          id="from"
                          max="2030-11-22"
                          min="2020-11-22"
                          name="from"
                          pattern="[0-9]{4}-(0[1-9]|1[012])-(0[1-9]|1[0-9]|2[0-9]|3[01])"
                          placeholder="yyyy-mm-dd"
                          type="date"
                          value=""
                        />
                      </div>
                      <div
                        class="input"
                        data-component="input"
                      >
                        <label
                          class="input__label"
                          for="to"
                        >
                          To date
                        </label>
                        <input
                          class="input__input"
                          id="to"
                          max="2030-11-22"
                          min="2020-11-22"
                          name="to"
                          pattern="[0-9]{4}-(0[1-9]|1[012])-(0[1-9]|1[0-9]|2[0-9]|3[01])"
                          placeholder="yyyy-mm-dd"
                          type="date"
                          value=""
                        />
                      </div>
                      <button
                        class="btn btn--secondary ml--0"
                        data-component="button--secondary"
                        type="submit"
                      >
                        Apply date filters
                      </button>
                    </div>
                  </fieldset>
                </div>
              </div>
            </div>
          </form>
        </section>
        <section
          aria-labelledby="filter-summary"
          data-component="grid-item"
          data-g="12 md:8 lg:9"
        >
          <div
            class="filter-summary"
            data-component="filter-summary"
            id="filter-summary"
          >
            <div
              class="filter-summary__count"
            >
              <h2
                class="h5 mv--0"
              >
                Showing 
                1
                 to 
                7
                 of 
                7
              </h2>
            </div>
            <div
              class="filter-summary__sorting"
            >
              <label
                class="filter-summary__sort-label"
                for="sorting-options"
              >
                Sort by
              </label>
              <select
                class="filter-summary__select"
                id="sorting-options"
                name="s"
              >
                <option
                  selected=""
                  value="Date"
                >
                  Date
                </option>
                <option
                  value="Title"
                >
                  Title
                </option>
              </select>
            </div>
          </div>
          <div
            class="tableWrapper"
          >
            <table
              aria-describedby="filter-summary"
              class="table"
              data-component="table"
              id="results"
            >
              <caption
                class="visually-hidden"
              >
                List of indicators that are currently in consultation
              </caption>
              <thead>
                <tr>
                  <th
                    scope="col"
                  >
                    Title
                  </th>
                  <th
                    scope="col"
                  >
                    Consultation
                  </th>
                  <th
                    scope="col"
                  >
                    Consultation end date
                  </th>
                </tr>
              </thead>
              <tbody>
                <tr>
                  <td>
                    <a
                      href="/indicators/indevelopment/gid-ind10244/consultations/html-content"
                    >
                      <span>
                        Single Inconsultation demo product
                      </span>
                    </a>
                  </td>
                  <td>
                    NICE indicator consultation
                  </td>
                  <td>
                    <time
                      class="date"
                      data-shortdate="7/3/2073"
                      datetime="2073-03-07T05:18:00"
                    >
                      <span>
                        7 March 2073
                      </span>
                    </time>
                  </td>
                </tr>
                <tr>
                  <td>
                    <a
                      href="/indicators/indevelopment/gid-ind10227/consultations/html-content"
                    >
                      <span>
                        Singleconsulatation
                      </span>
                    </a>
                  </td>
                  <td>
                    NICE indicator consultation
                  </td>
                  <td>
                    <time
                      class="date"
                      data-shortdate="17/3/2063"
                      datetime="2063-03-17T02:09:00"
                    >
                      <span>
                        17 March 2063
                      </span>
                    </time>
                  </td>
                </tr>
                <tr>
                  <td>
                    <a
                      href="/indicators/indevelopment/gid-ind10246/consultations/html-content"
                    >
                      <span>
                        Nxt-136 issue fix indicator
                      </span>
                    </a>
                  </td>
                  <td>
                    NICE indicator consultation
                  </td>
                  <td>
                    <time
                      class="date"
                      data-shortdate="9/3/2053"
                      datetime="2053-03-09T03:53:00"
                    >
                      <span>
                        9 March 2053
                      </span>
                    </time>
                  </td>
                </tr>
                <tr>
                  <td>
                    <a
                      href="/indicators/indevelopment/gid-ind10245/consultations/html-content"
                    >
                      <span>
                        Inconsulation scenariors
                      </span>
                    </a>
                  </td>
                  <td>
                    NICE indicator consultation
                  </td>
                  <td>
                    <time
                      class="date"
                      data-shortdate="9/4/2047"
                      datetime="2047-04-09T03:46:00"
                    >
                      <span>
                        9 April 2047
                      </span>
                    </time>
                  </td>
                </tr>
                <tr>
                  <td>
                    <a
                      href="/indicators/indevelopment/gid-ind10243/consultations/html-content"
                    >
                      <span>
                        Multiple Inconsultation demo product
                      </span>
                    </a>
                  </td>
                  <td>
                    NICE indicator consultation
                  </td>
                  <td>
                    <time
                      class="date"
                      data-shortdate="7/11/2043"
                      datetime="2043-11-07T05:01:00"
                    >
                      <span>
                        7 November 2043
                      </span>
                    </time>
                  </td>
                </tr>
                <tr>
                  <td>
                    <a
                      href="/indicators/indevelopment/gid-ind10226/consultations/html-content"
                    >
                      <span>
                        NXT-136card
                      </span>
                    </a>
                  </td>
                  <td>
                    NICE indicator consultation
                  </td>
                  <td>
                    <time
                      class="date"
                      data-shortdate="29/5/2033"
                      datetime="2033-05-29T12:06:00"
                    >
                      <span>
                        29 May 2033
                      </span>
                    </time>
                  </td>
                </tr>
                <tr>
                  <td>
                    <a
                      href="/indicators/indevelopment/ind369/consultations/html-content"
                    >
                      <span>
                        Indicator demo product
                      </span>
                    </a>
                  </td>
                  <td>
                    NICE indicator consultation
                  </td>
                  <td>
                    <time
                      class="date"
                      data-shortdate="30/3/2023"
                      datetime="2023-03-30T11:54:00"
                    >
                      <span>
                        30 March 2023
                      </span>
                    </time>
                  </td>
                </tr>
              </tbody>
            </table>
          </div>
          <nav
            aria-label="Pagination"
            class="pagination "
            data-component="pagination"
            role="navigation"
          >
            <ol
              class="pagination__list"
            >
              <li
                aria-current="true"
                class="pagination__item pagination__item--current"
              >
                <span
                  class="pagination__inactive"
                >
                  <span
                    class="visually-hidden"
                  >
                    Current page 
                  </span>
                  1
                </span>
              </li>
              <li
                class="pagination__item pagination__item--count"
              >
                <span>
                  Page 
                  <strong>
                    1
                  </strong>
                   of 
                  <strong>
                    1
                  </strong>
                </span>
              </li>
            </ol>
          </nav>
          <div
            class="grid grid--middle mt--d"
          >
            <div
              class="mb--e mb--0-sm"
              data-component="grid-item"
              data-g="12 sm:6"
            >
              <button
                class="btn mv--0 mh--0"
                data-component="button--primary"
                type="button"
              >
                Copy 
                7 results
                 to clipboard
              </button>
            </div>
            <div
              class="text-right"
              data-component="grid-item"
              data-g="12 sm:6"
            >
              <h3
                class="resultsPerPageHeading"
              >
                Results per page
              </h3>
              <ol
                class="list list--piped resultsPerPageList"
              >
                <li>
                  10
                </li>
                <li>
                  <a
                    aria-label="Show 25 results per page"
                    href="/?ps=25"
                  >
                    25
                  </a>
                </li>
                <li>
                  <a
                    aria-label="Show 50 results per page"
                    href="/?ps=50"
                  >
                    50
                  </a>
                </li>
                <li>
                  <a
                    aria-label="Show All results per page"
                    href="/?ps=9999"
                  >
                    All
                  </a>
                </li>
              </ol>
            </div>
          </div>
        </section>
      </div>
    </div>
  </main>
  <noscript />
</div>
`;
