// Jest Snapshot v1, https://goo.gl/fbAQLP

exports[`HelpImplementNiceGuidanceForm should match snapshot 1`] = `
<div>
  <nav
    aria-label="Breadcrumbs"
    data-component="breadcrumbs"
    role="navigation"
  >
    <ol
      class="breadcrumbs"
    >
      <li
        class="breadcrumbs__crumb"
      >
        <a
          href="/"
        >
          Home
        </a>
      </li>
      <li
        class="breadcrumbs__crumb"
      >
        <a
          href="/implementing-nice-guidance"
        >
          Implementing NICE guidance
        </a>
      </li>
      <li
        class="breadcrumbs__crumb"
      >
        <a
          href="/implementing-nice-guidance/implementation-help-and-advice"
        >
          Implementation help and advice
        </a>
      </li>
      <li
        class="breadcrumbs__crumb"
      >
        <a
          href="/implementing-nice-guidance/implementation-help-and-advice/adoption-and-implementation-support"
        >
          Adoption and implementation support
        </a>
      </li>
      <li
        class="breadcrumbs__crumb"
      >
        <span>
          Adoption and impact reference panel membership form
        </span>
      </li>
    </ol>
  </nav>
  <script
    type="application/ld+json"
  >
    {
  "@context": "http://schema.org",
  "@type": "BreadcrumbList",
  "itemListElement": [
    {
      "@type": "ListItem",
      "position": 1,
      "item": {
        "@id": "/",
        "name": "Home"
      }
    },
    {
      "@type": "ListItem",
      "position": 2,
      "item": {
        "@id": "/implementing-nice-guidance",
        "name": "Implementing NICE guidance"
      }
    },
    {
      "@type": "ListItem",
      "position": 3,
      "item": {
        "@id": "/implementing-nice-guidance/implementation-help-and-advice",
        "name": "Implementation help and advice"
      }
    },
    {
      "@type": "ListItem",
      "position": 4,
      "item": {
        "@id": "/implementing-nice-guidance/implementation-help-and-advice/adoption-and-implementation-support",
        "name": "Adoption and implementation support"
      }
    },
    {
      "@type": "ListItem",
      "position": 5,
      "item": {
        "name": "Adoption and impact reference panel membership form"
      }
    }
  ]
}
  </script>
  <div
    class="grid grid--loose"
  >
    <div
      data-component="grid-item"
      data-g="12 md:12 lg:12"
    >
      <div
        class="page-header "
        data-component="page-header"
        data-testid="content-start"
        id="content-start"
      >
        <h1
          class="page-header__heading "
        >
          Adoption and impact reference panel membership form
        </h1>
        <p
          class="page-header__lead"
        >
          Join the NICE Adoption and Impact Reference Panel. Give your advice on tools and resources as they're being developed. Help us shape the commissioning and delivery of safe, effective and cost-efficient care.
        </p>
      </div>
      <iframe
        allow="geolocation; microphone; camera"
        allowfullscreen=""
        class="iframe"
        data-jotform-id="232203151110028"
        id="JotFormIFrame-232203151110028"
        scrolling="no"
        src="https://next-web-tests.jotform.com/232203151110028?isIframeEmbed=1"
        style="height: 539px; overflow: hidden;"
        title="Adoption and impact reference panel membership form"
      />
    </div>
  </div>
</div>
`;
