// Jest Snapshot v1, https://goo.gl/fbAQLP

exports[`HealthTechnologyAssessmentTrainingRegistrationForm should match snapshot 1`] = `
<div>
  <nav
    aria-label="Breadcrumbs"
    data-component="breadcrumbs"
    role="navigation"
  >
    <ol
      class="breadcrumbs"
    >
      <li
        class="breadcrumbs__crumb"
      >
        <a
          href="/"
        >
          Home
        </a>
      </li>
      <li
        class="breadcrumbs__crumb"
      >
        <a
          href="/get-involved"
        >
          Get involved
        </a>
      </li>
      <li
        class="breadcrumbs__crumb"
      >
        <a
          href="/get-involved/nice-training-and-development-opportunities"
        >
          NICE training and development opportunities
        </a>
      </li>
      <li
        class="breadcrumbs__crumb"
      >
        <a
          href="/get-involved/nice-training-and-development-opportunities/nice-health-technology-assessment-training-programme"
        >
          NICE Health Technology Assessment training programme
        </a>
      </li>
      <li
        class="breadcrumbs__crumb"
      >
        <span>
          NICE Health Technology Assessment training registration
        </span>
      </li>
    </ol>
  </nav>
  <script
    type="application/ld+json"
  >
    {
  "@context": "http://schema.org",
  "@type": "BreadcrumbList",
  "itemListElement": [
    {
      "@type": "ListItem",
      "position": 1,
      "item": {
        "@id": "/",
        "name": "Home"
      }
    },
    {
      "@type": "ListItem",
      "position": 2,
      "item": {
        "@id": "/get-involved",
        "name": "Get involved"
      }
    },
    {
      "@type": "ListItem",
      "position": 3,
      "item": {
        "@id": "/get-involved/nice-training-and-development-opportunities",
        "name": "NICE training and development opportunities"
      }
    },
    {
      "@type": "ListItem",
      "position": 4,
      "item": {
        "@id": "/get-involved/nice-training-and-development-opportunities/nice-health-technology-assessment-training-programme",
        "name": "NICE Health Technology Assessment training programme"
      }
    },
    {
      "@type": "ListItem",
      "position": 5,
      "item": {
        "name": "NICE Health Technology Assessment training registration"
      }
    }
  ]
}
  </script>
  <div
    class="grid grid--loose"
  >
    <div
      data-component="grid-item"
      data-g="12 md:12 lg:12"
    >
      <div
        class="page-header "
        data-component="page-header"
        data-testid="content-start"
        id="content-start"
      >
        <h1
          class="page-header__heading "
        >
          NICE Health Technology Assessment training registration
        </h1>
      </div>
      <p>
        All fields marked with * are required and must be filled.
      </p>
      <iframe
        allow="geolocation; microphone; camera"
        allowfullscreen=""
        class="iframe"
        data-jotform-id="242762670883062"
        id="JotFormIFrame-242762670883062"
        scrolling="no"
        src="https://next-web-tests.jotform.com/242762670883062?isIframeEmbed=1"
        style="height: 539px; overflow: hidden;"
        title="NICE Health Technology Assessment training registration"
      />
    </div>
  </div>
</div>
`;
