// Jest Snapshot v1, https://goo.gl/fbAQLP

exports[`UseOfNICEContentInternationalForm should match snapshot 1`] = `
<div>
  <nav
    aria-label="Breadcrumbs"
    data-component="breadcrumbs"
    role="navigation"
  >
    <ol
      class="breadcrumbs"
    >
      <li
        class="breadcrumbs__crumb"
      >
        <a
          href="/"
        >
          Home
        </a>
      </li>
      <li
        class="breadcrumbs__crumb"
      >
        <a
          href="/reusing-our-content"
        >
          Reusing our content
        </a>
      </li>
      <li
        class="breadcrumbs__crumb"
      >
        <span>
          Permission request for international use of NICE content
        </span>
      </li>
    </ol>
  </nav>
  <script
    type="application/ld+json"
  >
    {
  "@context": "http://schema.org",
  "@type": "BreadcrumbList",
  "itemListElement": [
    {
      "@type": "ListItem",
      "position": 1,
      "item": {
        "@id": "/",
        "name": "Home"
      }
    },
    {
      "@type": "ListItem",
      "position": 2,
      "item": {
        "@id": "/reusing-our-content",
        "name": "Reusing our content"
      }
    },
    {
      "@type": "ListItem",
      "position": 3,
      "item": {
        "name": "Permission request for international use of NICE content"
      }
    }
  ]
}
  </script>
  <div
    class="grid grid--loose"
  >
    <div
      data-component="grid-item"
      data-g="12 md:12 lg:12"
    >
      <div
        class="page-header "
        data-component="page-header"
        data-testid="content-start"
        id="content-start"
      >
        <h1
          class="page-header__heading "
        >
          Permission request for international use of NICE content
        </h1>
      </div>
      <iframe
        allow="geolocation; microphone; camera"
        allowfullscreen=""
        class="iframe"
        data-jotform-id="241962582676065"
        id="JotFormIFrame-241962582676065"
        scrolling="no"
        src="https://next-web-tests.jotform.com/241962582676065?isIframeEmbed=1"
        style="height: 539px; overflow: hidden;"
        title="Permission request for international use of NICE content"
      />
    </div>
  </div>
</div>
`;
