// Jest Snapshot v1, https://goo.gl/fbAQLP

exports[`MedicinesAndPrescribingNewsletterForm should match snapshot 1`] = `
<div>
  <nav
    aria-label="Breadcrumbs"
    data-component="breadcrumbs"
    role="navigation"
  >
    <ol
      class="breadcrumbs"
    >
      <li
        class="breadcrumbs__crumb"
      >
        <a
          href="/"
        >
          Home
        </a>
      </li>
      <li
        class="breadcrumbs__crumb"
      >
        <a
          href="/news"
        >
          News
        </a>
      </li>
      <li
        class="breadcrumbs__crumb"
      >
        <a
          href="/news/nice-newsletters-and-alerts"
        >
          Newsletters and alerts
        </a>
      </li>
      <li
        class="breadcrumbs__crumb"
      >
        <span>
          Subscribe to medicines and prescribing - Important new evidence
        </span>
      </li>
    </ol>
  </nav>
  <script
    type="application/ld+json"
  >
    {
  "@context": "http://schema.org",
  "@type": "BreadcrumbList",
  "itemListElement": [
    {
      "@type": "ListItem",
      "position": 1,
      "item": {
        "@id": "/",
        "name": "Home"
      }
    },
    {
      "@type": "ListItem",
      "position": 2,
      "item": {
        "@id": "/news",
        "name": "News"
      }
    },
    {
      "@type": "ListItem",
      "position": 3,
      "item": {
        "@id": "/news/nice-newsletters-and-alerts",
        "name": "Newsletters and alerts"
      }
    },
    {
      "@type": "ListItem",
      "position": 4,
      "item": {
        "name": "Subscribe to medicines and prescribing - Important new evidence"
      }
    }
  ]
}
  </script>
  <div
    class="grid grid--loose"
  >
    <div
      data-component="grid-item"
      data-g="12 md:12 lg:12"
    >
      <div
        class="page-header"
        data-component="page-header"
        id="content-start"
      >
        <h1
          class="page-header__heading "
        >
          Subscribe to medicines and prescribing - Important new evidence
        </h1>
        <p
          class="page-header__lead"
        >
          Receive monthly updates on prescribing and medicines optimisation. Includes information from national bodies including NICE, SIGN and the MHRA.
        </p>
      </div>
      <iframe
        allow="geolocation; microphone; camera"
        allowfullscreen=""
        class="iframe"
        data-jotform-id="232421834202848"
        id="JotFormIFrame-232421834202848"
        scrolling="no"
        src="https://next-web-tests.jotform.com/232421834202848?isIframeEmbed=1"
        style="height: 539px; overflow: hidden;"
        title="Subscribe to medicines and prescribing - Important new evidence"
      />
    </div>
  </div>
</div>
`;
