// Jest Snapshot v1, https://goo.gl/fbAQLP

exports[`NewsInternationalNewsletterForm should match snapshot 1`] = `
<div>
  <nav
    aria-label="Breadcrumbs"
    data-component="breadcrumbs"
    role="navigation"
  >
    <ol
      class="breadcrumbs"
    >
      <li
        class="breadcrumbs__crumb"
      >
        <a
          href="/"
        >
          Home
        </a>
      </li>
      <li
        class="breadcrumbs__crumb"
      >
        <a
          href="/news"
        >
          News
        </a>
      </li>
      <li
        class="breadcrumbs__crumb"
      >
        <a
          href="/news/nice-newsletters-and-alerts"
        >
          Newsletters and alerts
        </a>
      </li>
      <li
        class="breadcrumbs__crumb"
      >
        <span>
          Subscribe to NICE news international
        </span>
      </li>
    </ol>
  </nav>
  <script
    type="application/ld+json"
  >
    {
  "@context": "http://schema.org",
  "@type": "BreadcrumbList",
  "itemListElement": [
    {
      "@type": "ListItem",
      "position": 1,
      "item": {
        "@id": "/",
        "name": "Home"
      }
    },
    {
      "@type": "ListItem",
      "position": 2,
      "item": {
        "@id": "/news",
        "name": "News"
      }
    },
    {
      "@type": "ListItem",
      "position": 3,
      "item": {
        "@id": "/news/nice-newsletters-and-alerts",
        "name": "Newsletters and alerts"
      }
    },
    {
      "@type": "ListItem",
      "position": 4,
      "item": {
        "name": "Subscribe to NICE news international"
      }
    }
  ]
}
  </script>
  <div
    class="grid grid--loose"
  >
    <div
      data-component="grid-item"
      data-g="12 md:12 lg:12"
    >
      <div
        class="page-header "
        data-component="page-header"
        data-testid="content-start"
        id="content-start"
      >
        <div
          class="grid"
        >
          <div
            data-component="grid-item"
            data-g="12 md:12"
          >
            <h1
              class="page-header__heading "
            >
              Subscribe to NICE news international
            </h1>
            <p
              class="page-header__lead"
            >
              Keeping you up-to-date with our worldwide collaborations, opportunities and developments.
            </p>
          </div>
        </div>
      </div>
      <iframe
        allow="geolocation; microphone; camera"
        allowfullscreen=""
        class="iframe"
        data-jotform-id="232421981351856"
        id="JotFormIFrame-232421981351856"
        scrolling="no"
        src="https://next-web-tests.jotform.com/232421981351856?isIframeEmbed=1"
        style="height: 539px; overflow: hidden;"
        title="Subscribe to NICE news international"
      />
    </div>
  </div>
</div>
`;
