// Jest Snapshot v1, https://goo.gl/fbAQLP

exports[`TopicSuggestionForm should match snapshot 1`] = `
<div>
  <nav
    aria-label="Breadcrumbs"
    data-component="breadcrumbs"
    role="navigation"
  >
    <ol
      class="breadcrumbs"
    >
      <li
        class="breadcrumbs__crumb"
      >
        <a
          href="/"
        >
          Home
        </a>
      </li>
      <li
        class="breadcrumbs__crumb"
      >
        <a
          href="/about"
        >
          About
        </a>
      </li>
      <li
        class="breadcrumbs__crumb"
      >
        <a
          href="/about/what-we-do"
        >
          What we do
        </a>
      </li>
      <li
        class="breadcrumbs__crumb"
      >
        <a
          href="/about/what-we-do/prioritising-our-guidance-topics"
        >
          Prioritising our guidance topics
        </a>
      </li>
      <li
        class="breadcrumbs__crumb"
      >
        <a
          href="/about/what-we-do/prioritising-our-guidance-topics/topic-suggestion"
        >
          Topic suggestion
        </a>
      </li>
      <li
        class="breadcrumbs__crumb"
      >
        <span>
          Topic suggestion
        </span>
      </li>
    </ol>
  </nav>
  <script
    type="application/ld+json"
  >
    {
  "@context": "http://schema.org",
  "@type": "BreadcrumbList",
  "itemListElement": [
    {
      "@type": "ListItem",
      "position": 1,
      "item": {
        "@id": "/",
        "name": "Home"
      }
    },
    {
      "@type": "ListItem",
      "position": 2,
      "item": {
        "@id": "/about",
        "name": "About"
      }
    },
    {
      "@type": "ListItem",
      "position": 3,
      "item": {
        "@id": "/about/what-we-do",
        "name": "What we do"
      }
    },
    {
      "@type": "ListItem",
      "position": 4,
      "item": {
        "@id": "/about/what-we-do/prioritising-our-guidance-topics",
        "name": "Prioritising our guidance topics"
      }
    },
    {
      "@type": "ListItem",
      "position": 5,
      "item": {
        "@id": "/about/what-we-do/prioritising-our-guidance-topics/topic-suggestion",
        "name": "Topic suggestion"
      }
    },
    {
      "@type": "ListItem",
      "position": 6,
      "item": {
        "name": "Topic suggestion"
      }
    }
  ]
}
  </script>
  <div
    class="grid grid--loose"
  >
    <div
      data-component="grid-item"
      data-g="12 md:12 lg:12"
    >
      <div
        class="page-header "
        data-component="page-header"
        data-testid="content-start"
        id="content-start"
      >
        <h1
          class="page-header__heading "
        >
          Topic suggestion
        </h1>
      </div>
      <iframe
        allow="geolocation; microphone; camera"
        allowfullscreen=""
        class="iframe"
        data-jotform-id="241421977936062"
        id="JotFormIFrame-241421977936062"
        scrolling="no"
        src="https://next-web-tests.jotform.com/241421977936062?isIframeEmbed=1"
        style="height: 539px; overflow: hidden;"
        title="Topic suggestion"
      />
    </div>
  </div>
</div>
`;
