// Jest Snapshot v1, https://goo.gl/fbAQLP

exports[`GridSection matches snapshot 1`] = `
<div>
  <ul
    class="grid grid--equal-height grid--loose cardGrid__cardGridRow"
    data-testid="card-grid"
  >
    <li
      class="cardGrid__cardGridItem"
      data-component="grid-item"
      data-g="12 md:6"
    >
      <article
        class="card"
        data-component="card"
      >
        <header
          class="card__header"
        >
          <p
            class="card__heading"
          >
            <a
              href="https://nice.org.uk/guidance/ta10"
            >
              Basic Card
            </a>
          </p>
        </header>
        <p
          class="card__summary"
        >
          Basic card body
        </p>
      </article>
    </li>
  </ul>
</div>
`;
